Component: ARM Compiler 5.06 update 6 (build 750) Tool: armlink [4d35ed]

==============================================================================

Section Cross References

    main.o(i.main) refers to _printf_percent.o(.ARM.Collect$$_printf_percent$$00000000) for _printf_percent
    main.o(i.main) refers to _printf_d.o(.ARM.Collect$$_printf_percent$$00000009) for _printf_d
    main.o(i.main) refers to _printf_dec.o(.text) for _printf_int_dec
    main.o(i.main) refers to _printf_f.o(.ARM.Collect$$_printf_percent$$00000003) for _printf_f
    main.o(i.main) refers to printf1.o(x$fpl$printf1) for _printf_fp_dec
    main.o(i.main) refers to stm32f10x_rcc.o(i.RCC_APB2PeriphClockCmd) for RCC_APB2PeriphClockCmd
    main.o(i.main) refers to stm32f10x_gpio.o(i.GPIO_Init) for GPIO_Init
    main.o(i.main) refers to delay.o(i.delay_init) for delay_init
    main.o(i.main) refers to interrupt.o(i.interrupt_init) for interrupt_init
    main.o(i.main) refers to i2c_mpu6050.o(i.I2C_MPU6050_Setup) for I2C_MPU6050_Setup
    main.o(i.main) refers to i2c_mpu6050.o(i.I2C_MPU6050_Init) for I2C_MPU6050_Init
    main.o(i.main) refers to i2c_lcd.o(i.I2C_LCD_Setup) for I2C_LCD_Setup
    main.o(i.main) refers to i2c_lcd.o(i.I2C_LCD_Init) for I2C_LCD_Init
    main.o(i.main) refers to i2c_lcd.o(i.I2C_LCD_BackLight) for I2C_LCD_BackLight
    main.o(i.main) refers to i2c_lcd.o(i.I2C_LCD_Clear) for I2C_LCD_Clear
    main.o(i.main) refers to noretval__2sprintf.o(.text) for __2sprintf
    main.o(i.main) refers to i2c_lcd.o(i.I2C_LCD_Puts) for I2C_LCD_Puts
    main.o(i.main) refers to interrupt.o(i.read_interrupt) for read_interrupt
    main.o(i.main) refers to stm32f10x_gpio.o(i.GPIO_ResetBits) for GPIO_ResetBits
    main.o(i.main) refers to i2c_mpu6050.o(i.CTR_READ_ACCEL_MPU3050) for CTR_READ_ACCEL_MPU3050
    main.o(i.main) refers to f2d.o(x$fpl$f2d) for __aeabi_f2d
    main.o(i.main) refers to pow.o(i.pow) for pow
    main.o(i.main) refers to daddsub_clz.o(x$fpl$dadd) for __aeabi_dadd
    main.o(i.main) refers to sqrt.o(i.sqrt) for sqrt
    main.o(i.main) refers to d2f.o(x$fpl$d2f) for __aeabi_d2f
    main.o(i.main) refers to dleqf.o(x$fpl$dleqf) for __aeabi_cdcmple
    main.o(i.main) refers to drleqf.o(x$fpl$drleqf) for __aeabi_cdrcmple
    main.o(i.main) refers to fleqf.o(x$fpl$fleqf) for __aeabi_cfcmple
    main.o(i.main) refers to faddsub_clz.o(x$fpl$fsub) for __aeabi_fsub
    main.o(i.main) refers to fflt_clz.o(x$fpl$ffltu) for __aeabi_ui2f
    main.o(i.main) refers to fdiv.o(x$fpl$fdiv) for __aeabi_fdiv
    main.o(i.main) refers to delay.o(i.Delay_Ms) for Delay_Ms
    main.o(i.main) refers to stm32f10x_gpio.o(i.GPIO_SetBits) for GPIO_SetBits
    main.o(i.main) refers to i2c_lcd.o(i.I2C_LCD_NewLine) for I2C_LCD_NewLine
    main.o(i.main) refers to main.o(.data) for count
    main.o(i.main) refers to main.o(.bss) for CTR_datasend
    i2c_lcd.o(i.I2C_LCD_BackLight) refers to i2c_lcd.o(i.I2C_LCD_FlushVal) for I2C_LCD_FlushVal
    i2c_lcd.o(i.I2C_LCD_BackLight) refers to i2c_lcd.o(.data) for u8LCD_Buff
    i2c_lcd.o(i.I2C_LCD_Clear) refers to i2c_lcd.o(i.I2C_LCD_WriteCmd) for I2C_LCD_WriteCmd
    i2c_lcd.o(i.I2C_LCD_FlushVal) refers to i2c.o(i.I2C_Write) for I2C_Write
    i2c_lcd.o(i.I2C_LCD_FlushVal) refers to i2c_lcd.o(.data) for u8LcdTmp
    i2c_lcd.o(i.I2C_LCD_Init) refers to delay.o(i.Delay_Ms) for Delay_Ms
    i2c_lcd.o(i.I2C_LCD_Init) refers to i2c.o(i.My_I2C_Init) for My_I2C_Init
    i2c_lcd.o(i.I2C_LCD_Init) refers to i2c_lcd.o(i.I2C_LCD_FlushVal) for I2C_LCD_FlushVal
    i2c_lcd.o(i.I2C_LCD_Init) refers to i2c_lcd.o(i.I2C_LCD_Write_4bit) for I2C_LCD_Write_4bit
    i2c_lcd.o(i.I2C_LCD_Init) refers to i2c_lcd.o(i.I2C_LCD_WriteCmd) for I2C_LCD_WriteCmd
    i2c_lcd.o(i.I2C_LCD_Init) refers to i2c_lcd.o(.data) for u8LCD_Buff
    i2c_lcd.o(i.I2C_LCD_NewLine) refers to i2c_lcd.o(i.I2C_LCD_WriteCmd) for I2C_LCD_WriteCmd
    i2c_lcd.o(i.I2C_LCD_Puts) refers to i2c_lcd.o(i.LCD_Write_Chr) for LCD_Write_Chr
    i2c_lcd.o(i.I2C_LCD_Setup) refers to i2c.o(i.i2c_setup) for i2c_setup
    i2c_lcd.o(i.I2C_LCD_WriteCmd) refers to i2c_lcd.o(i.LCD_WaitBusy) for LCD_WaitBusy
    i2c_lcd.o(i.I2C_LCD_WriteCmd) refers to i2c_lcd.o(i.I2C_LCD_FlushVal) for I2C_LCD_FlushVal
    i2c_lcd.o(i.I2C_LCD_WriteCmd) refers to i2c_lcd.o(i.I2C_LCD_Write_4bit) for I2C_LCD_Write_4bit
    i2c_lcd.o(i.I2C_LCD_WriteCmd) refers to i2c_lcd.o(.data) for u8LCD_Buff
    i2c_lcd.o(i.I2C_LCD_Write_4bit) refers to i2c_lcd.o(i.I2C_LCD_FlushVal) for I2C_LCD_FlushVal
    i2c_lcd.o(i.I2C_LCD_Write_4bit) refers to i2c_lcd.o(.data) for u8LCD_Buff
    i2c_lcd.o(i.LCD_WaitBusy) refers to i2c_lcd.o(i.I2C_LCD_FlushVal) for I2C_LCD_FlushVal
    i2c_lcd.o(i.LCD_WaitBusy) refers to i2c.o(i.I2C_Read) for I2C_Read
    i2c_lcd.o(i.LCD_WaitBusy) refers to i2c_lcd.o(.data) for u8LCD_Buff
    i2c_lcd.o(i.LCD_Write_Chr) refers to i2c_lcd.o(i.LCD_WaitBusy) for LCD_WaitBusy
    i2c_lcd.o(i.LCD_Write_Chr) refers to i2c_lcd.o(i.I2C_LCD_FlushVal) for I2C_LCD_FlushVal
[...]
    ../fplib/dcmpi.s                         0x00000000   Number         0  dcmpi.o ABSOLUTE
    ../fplib/ddiv.s                          0x00000000   Number         0  ddiv.o ABSOLUTE
    ../fplib/dflt.s                          0x00000000   Number         0  dflt_clz.o ABSOLUTE
    ../fplib/dleqf.s                         0x00000000   Number         0  dleqf.o ABSOLUTE
    ../fplib/dmul.s                          0x00000000   Number         0  dmul.o ABSOLUTE
    ../fplib/dnaninf.s                       0x00000000   Number         0  dnaninf.o ABSOLUTE
    ../fplib/dretinf.s                       0x00000000   Number         0  dretinf.o ABSOLUTE
    ../fplib/drleqf.s                        0x00000000   Number         0  drleqf.o ABSOLUTE
    ../fplib/dsqrt.s                         0x00000000   Number         0  dsqrt_noumaal.o ABSOLUTE
    ../fplib/f2d.s                           0x00000000   Number         0  f2d.o ABSOLUTE
    ../fplib/faddsub.s                       0x00000000   Number         0  faddsub_clz.o ABSOLUTE
    ../fplib/fcmpi.s                         0x00000000   Number         0  fcmpi.o ABSOLUTE
    ../fplib/fdiv.s                          0x00000000   Number         0  fdiv.o ABSOLUTE
    ../fplib/fflt.s                          0x00000000   Number         0  fflt_clz.o ABSOLUTE
    ../fplib/fleqf.s                         0x00000000   Number         0  fleqf.o ABSOLUTE
    ../fplib/fnaninf.s                       0x00000000   Number         0  fnaninf.o ABSOLUTE
    ../fplib/fpinit.s                        0x00000000   Number         0  fpinit.o ABSOLUTE
    ../fplib/fretinf.s                       0x00000000   Number         0  fretinf.o ABSOLUTE
    ../fplib/istatus.s                       0x00000000   Number         0  istatus.o ABSOLUTE
    ../fplib/printf1.s                       0x00000000   Number         0  printf1.o ABSOLUTE
    ../fplib/retnan.s                        0x00000000   Number         0  retnan.o ABSOLUTE
    ../fplib/scalbn.s                        0x00000000   Number         0  scalbn.o ABSOLUTE
    ../fplib/trapv.s                         0x00000000   Number         0  trapv.o ABSOLUTE
    ../fplib/usenofp.s                       0x00000000   Number         0  usenofp.o ABSOLUTE
    ../mathlib/dunder.c                      0x00000000   Number         0  dunder.o ABSOLUTE
    ../mathlib/fpclassify.c                  0x00000000   Number         0  fpclassify.o ABSOLUTE
    ../mathlib/poly.c                        0x00000000   Number         0  poly.o ABSOLUTE
    ../mathlib/pow.c                         0x00000000   Number         0  pow.o ABSOLUTE
    ../mathlib/pow.c                         0x00000000   Number         0  pow_x.o ABSOLUTE
    ../mathlib/qnan.c                        0x00000000   Number         0  qnan.o ABSOLUTE
    ../mathlib/sqrt.c                        0x00000000   Number         0  sqrt.o ABSOLUTE
    ../mathlib/sqrt.c                        0x00000000   Number         0  sqrt_x.o ABSOLUTE
    C:\Keil_v5\ARM\PACK\Keil\STM32F1xx_DFP\2.4.0\Device\StdPeriph_Driver\src\misc.c 0x00000000   Number         0  misc.o ABSOLUTE
    C:\Keil_v5\ARM\PACK\Keil\STM32F1xx_DFP\2.4.0\Device\StdPeriph_Driver\src\stm32f10x_exti.c 0x00000000   Number         0  stm32f10x_exti.o ABSOLUTE
    C:\Keil_v5\ARM\PACK\Keil\STM32F1xx_DFP\2.4.0\Device\StdPeriph_Driver\src\stm32f10x_gpio.c 0x00000000   Number         0  stm32f10x_gpio.o ABSOLUTE
    C:\Keil_v5\ARM\PACK\Keil\STM32F1xx_DFP\2.4.0\Device\StdPeriph_Driver\src\stm32f10x_i2c.c 0x00000000   Number         0  stm32f10x_i2c.o ABSOLUTE
    C:\Keil_v5\ARM\PACK\Keil\STM32F1xx_DFP\2.4.0\Device\StdPeriph_Driver\src\stm32f10x_rcc.c 0x00000000   Number         0  stm32f10x_rcc.o ABSOLUTE
    C:\Keil_v5\ARM\PACK\Keil\STM32F1xx_DFP\2.4.0\Device\StdPeriph_Driver\src\stm32f10x_tim.c 0x00000000   Number         0  stm32f10x_tim.o ABSOLUTE
    C:\\Keil_v5\\ARM\\PACK\\Keil\\STM32F1xx_DFP\\2.4.0\\Device\\StdPeriph_Driver\\src\\misc.c 0x00000000   Number         0  misc.o ABSOLUTE
    C:\\Keil_v5\\ARM\\PACK\\Keil\\STM32F1xx_DFP\\2.4.0\\Device\\StdPeriph_Driver\\src\\stm32f10x_exti.c 0x00000000   Number         0  stm32f10x_exti.o ABSOLUTE
    C:\\Keil_v5\\ARM\\PACK\\Keil\\STM32F1xx_DFP\\2.4.0\\Device\\StdPeriph_Driver\\src\\stm32f10x_gpio.c 0x00000000   Number         0  stm32f10x_gpio.o ABSOLUTE
    C:\\Keil_v5\\ARM\\PACK\\Keil\\STM32F1xx_DFP\\2.4.0\\Device\\StdPeriph_Driver\\src\\stm32f10x_i2c.c 0x00000000   Number         0  stm32f10x_i2c.o ABSOLUTE
    C:\\Keil_v5\\ARM\\PACK\\Keil\\STM32F1xx_DFP\\2.4.0\\Device\\StdPeriph_Driver\\src\\stm32f10x_rcc.c 0x00000000   Number         0  stm32f10x_rcc.o ABSOLUTE
    C:\\Keil_v5\\ARM\\PACK\\Keil\\STM32F1xx_DFP\\2.4.0\\Device\\StdPeriph_Driver\\src\\stm32f10x_tim.c 0x00000000   Number         0  stm32f10x_tim.o ABSOLUTE
    RTE\Device\STM32F103C8\startup_stm32f10x_md.s 0x00000000   Number         0  startup_stm32f10x_md.o ABSOLUTE
    RTE\Device\STM32F103C8\system_stm32f10x.c 0x00000000   Number         0  system_stm32f10x.o ABSOLUTE
    RTE\\Device\\STM32F103C8\\system_stm32f10x.c 0x00000000   Number         0  system_stm32f10x.o ABSOLUTE
    dc.s                                     0x00000000   Number         0  dc.o ABSOLUTE
    delay.c                                  0x00000000   Number         0  delay.o ABSOLUTE
    delay.c                                  0x00000000   Number         0  delay.o ABSOLUTE
    i2c.c                                    0x00000000   Number         0  i2c.o ABSOLUTE
    i2c.c                                    0x00000000   Number         0  i2c.o ABSOLUTE
    i2c_lcd.c                                0x00000000   Number         0  i2c_lcd.o ABSOLUTE
    i2c_lcd.c                                0x00000000   Number         0  i2c_lcd.o ABSOLUTE
    i2c_mpu6050.c                            0x00000000   Number         0  i2c_mpu6050.o ABSOLUTE
    i2c_mpu6050.c                            0x00000000   Number         0  i2c_mpu6050.o ABSOLUTE
    interrupt.c                              0x00000000   Number         0  interrupt.o ABSOLUTE
    interrupt.c                              0x00000000   Number         0  interrupt.o ABSOLUTE
    main.c                                   0x00000000   Number         0  main.o ABSOLUTE
    main.c                                   0x00000000   Number         0  main.o ABSOLUTE
    RESET                                    0x08000000   Section      236  startup_stm32f10x_md.o(RESET)
    !!!main                                  0x080000ec   Section        8  __main.o(!!!main)
    !!!scatter                               0x080000f4   Section       52  __scatter.o(!!!scatter)
    !!handler_copy                           0x08000128   Section       26  __scatter_copy.o(!!handler_copy)
    !!handler_zi                             0x08000144   Section       28  __scatter_zi.o(!!handler_zi)
    .ARM.Collect$$_printf_percent$$00000000  0x08000160   Section        0  _printf_percent.o(.ARM.Collect$$_printf_percent$$00000000)
    .ARM.Collect$$_printf_percent$$00000003  0x08000160   Section        6  _printf_f.o(.ARM.Collect$$_printf_percent$$00000003)
    .ARM.Collect$$_printf_percent$$00000009  0x08000166   Section        6  _printf_d.o(.ARM.Collect$$_printf_percent$$00000009)
    .ARM.Collect$$_printf_percent$$00000017  0x0800016c   Section        4  _printf_percent_end.o(.ARM.Collect$$_printf_percent$$00000017)
    .ARM.Collect$$libinit$$00000000          0x08000170   Section        2  libinit.o(.ARM.Collect$$libinit$$00000000)
    .ARM.Collect$$libinit$$00000002          0x08000172   Section        0  libinit2.o(.ARM.Collect$$libinit$$00000002)
    .ARM.Collect$$libinit$$00000004          0x08000172   Section        0  libinit2.o(.ARM.Collect$$libinit$$00000004)
    .ARM.Collect$$libinit$$0000000A          0x08000172   Section        0  libinit2.o(.ARM.Collect$$libinit$$0000000A)
    .ARM.Collect$$libinit$$0000000C          0x08000172   Section        0  libinit2.o(.ARM.Collect$$libinit$$0000000C)
    .ARM.Collect$$libinit$$0000000E          0x08000172   Section        0  libinit2.o(.ARM.Collect$$libinit$$0000000E)
    .ARM.Collect$$libinit$$0000000F          0x08000172   Section        6  libinit2.o(.ARM.Collect$$libinit$$0000000F)
    .ARM.Collect$$libinit$$00000011          0x08000178   Section        0  libinit2.o(.ARM.Collect$$libinit$$00000011)
    .ARM.Collect$$libinit$$00000013          0x08000178   Section        0  libinit2.o(.ARM.Collect$$libinit$$00000013)
    .ARM.Collect$$libinit$$00000015          0x08000178   Section        0  libinit2.o(.ARM.Collect$$libinit$$00000015)
    .ARM.Collect$$libinit$$00000016          0x08000178   Section       10  libinit2.o(.ARM.Collect$$libinit$$00000016)
    .ARM.Collect$$libinit$$00000017          0x08000182   Section        0  libinit2.o(.ARM.Collect$$libinit$$00000017)
    .ARM.Collect$$libinit$$00000019          0x08000182   Section        0  libinit2.o(.ARM.Collect$$libinit$$00000019)
    .ARM.Collect$$libinit$$0000001B          0x08000182   Section        0  libinit2.o(.ARM.Collect$$libinit$$0000001B)
    .ARM.Collect$$libinit$$0000001D          0x08000182   Section        0  libinit2.o(.ARM.Collect$$libinit$$0000001D)
    .ARM.Collect$$libinit$$0000001F          0x08000182   Section        0  libinit2.o(.ARM.Collect$$libinit$$0000001F)
    .ARM.Collect$$libinit$$00000021          0x08000182   Section        0  libinit2.o(.ARM.Collect$$libinit$$00000021)
    .ARM.Collect$$libinit$$00000023          0x08000182   Section        0  libinit2.o(.ARM.Collect$$libinit$$00000023)
    .ARM.Collect$$libinit$$00000025          0x08000182   Section        0  libinit2.o(.ARM.Collect$$libinit$$00000025)
    .ARM.Collect$$libinit$$0000002C          0x08000182   Section        0  libinit2.o(.ARM.Collect$$libinit$$0000002C)
    .ARM.Collect$$libinit$$0000002E          0x08000182   Section        0  libinit2.o(.ARM.Collect$$libinit$$0000002E)
    .ARM.Collect$$libinit$$00000030          0x08000182   Section        0  libinit2.o(.ARM.Collect$$libinit$$00000030)
    .ARM.Collect$$libinit$$00000032          0x08000182   Section        0  libinit2.o(.ARM.Collect$$libinit$$00000032)
    .ARM.Collect$$libinit$$00000033          0x08000182   Section        2  libinit2.o(.ARM.Collect$$libinit$$00000033)
    .ARM.Collect$$libshutdown$$00000000      0x08000184   Section        2  libshutdown.o(.ARM.Collect$$libshutdown$$00000000)
    .ARM.Collect$$libshutdown$$00000002      0x08000186   Section        0  libshutdown2.o(.ARM.Collect$$libshutdown$$00000002)
    .ARM.Collect$$libshutdown$$00000004      0x08000186   Section        0  libshutdown2.o(.ARM.Collect$$libshutdown$$00000004)
    .ARM.Collect$$libshutdown$$00000007      0x08000186   Section        0  libshutdown2.o(.ARM.Collect$$libshutdown$$00000007)
    .ARM.Collect$$libshutdown$$0000000A      0x08000186   Section        0  libshutdown2.o(.ARM.Collect$$libshutdown$$0000000A)
    .ARM.Collect$$libshutdown$$0000000C      0x08000186   Section        0  libshutdown2.o(.ARM.Collect$$libshutdown$$0000000C)
    .ARM.Collect$$libshutdown$$0000000F      0x08000186   Section        0  libshutdown2.o(.ARM.Collect$$libshutdown$$0000000F)
    .ARM.Collect$$libshutdown$$00000010      0x08000186   Section        2  libshutdown2.o(.ARM.Collect$$libshutdown$$00000010)
    .ARM.Collect$$rtentry$$00000000          0x08000188   Section        0  __rtentry.o(.ARM.Collect$$rtentry$$00000000)
    .ARM.Collect$$rtentry$$00000002          0x08000188   Section        0  __rtentry2.o(.ARM.Collect$$rtentry$$00000002)
    .ARM.Collect$$rtentry$$00000004          0x08000188   Section        6  __rtentry4.o(.ARM.Collect$$rtentry$$00000004)
    .ARM.Collect$$rtentry$$00000009          0x0800018e   Section        0  __rtentry2.o(.ARM.Collect$$rtentry$$00000009)
    .ARM.Collect$$rtentry$$0000000A          0x0800018e   Section        4  __rtentry2.o(.ARM.Collect$$rtentry$$0000000A)
    .ARM.Collect$$rtentry$$0000000C          0x08000192   Section        0  __rtentry2.o(.ARM.Collect$$rtentry$$0000000C)
    .ARM.Collect$$rtentry$$0000000D          0x08000192   Section        8  __rtentry2.o(.ARM.Collect$$rtentry$$0000000D)
    .ARM.Collect$$rtexit$$00000000           0x0800019a   Section        2  rtexit.o(.ARM.Collect$$rtexit$$00000000)
    .ARM.Collect$$rtexit$$00000002           0x0800019c   Section        0  rtexit2.o(.ARM.Collect$$rtexit$$00000002)
    .ARM.Collect$$rtexit$$00000003           0x0800019c   Section        4  rtexit2.o(.ARM.Collect$$rtexit$$00000003)
    .ARM.Collect$$rtexit$$00000004           0x080001a0   Section        6  rtexit2.o(.ARM.Collect$$rtexit$$00000004)
    .text                                    0x080001a8   Section       64  startup_stm32f10x_md.o(.text)
    .text                                    0x080001e8   Section        0  noretval__2sprintf.o(.text)
    .text                                    0x08000210   Section        0  _printf_dec.o(.text)
    .text                                    0x08000288   Section        0  __printf_wp.o(.text)
    .text                                    0x08000396   Section        0  heapauxi.o(.text)
    .text                                    0x0800039c   Section        0  _rserrno.o(.text)
    .text                                    0x080003b2   Section        0  _printf_intcommon.o(.text)
    .text                                    0x08000464   Section        0  _printf_fp_dec.o(.text)
    _fp_digits                               0x08000467   Thumb Code   432  _printf_fp_dec.o(.text)
    .text                                    0x08000884   Section        0  _printf_char_common.o(.text)
    _printf_input_char                       0x08000885   Thumb Code    10  _printf_char_common.o(.text)
    .text                                    0x080008b4   Section        0  _sputc.o(.text)
    .text                                    0x080008c0   Section        8  rt_locale_intlibspace.o(.text)
    .text                                    0x080008c8   Section        8  rt_errno_addr_intlibspace.o(.text)
    .text                                    0x080008d0   Section      138  lludiv10.o(.text)
    .text                                    0x0800095c   Section        0  _printf_fp_infnan.o(.text)
    .text                                    0x080009dc   Section        0  bigflt0.o(.text)
    .text                                    0x08000ac0   Section        8  libspace.o(.text)
    .text                                    0x08000ac8   Section       74  sys_stackheap_outer.o(.text)
    .text                                    0x08000b12   Section        0  exit.o(.text)
    .text                                    0x08000b24   Section      128  strcmpv7m.o(.text)
    .text                                    0x08000ba4   Section        0  sys_exit.o(.text)
    .text                                    0x08000bb0   Section        2  use_no_semi.o(.text)
    .text                                    0x08000bb2   Section        0  indicate_semi.o(.text)
    CL$$btod_d2e                             0x08000bb2   Section       62  btod.o(CL$$btod_d2e)
    CL$$btod_d2e_denorm_low                  0x08000bf0   Section       70  btod.o(CL$$btod_d2e_denorm_low)
    CL$$btod_d2e_norm_op1                    0x08000c36   Section       96  btod.o(CL$$btod_d2e_norm_op1)
    CL$$btod_div_common                      0x08000c96   Section      824  btod.o(CL$$btod_div_common)
    CL$$btod_e2e                             0x08000fce   Section      220  btod.o(CL$$btod_e2e)
    CL$$btod_ediv                            0x080010aa   Section       42  btod.o(CL$$btod_ediv)
    CL$$btod_emul                            0x080010d4   Section       42  btod.o(CL$$btod_emul)
    CL$$btod_mult_common                     0x080010fe   Section      580  btod.o(CL$$btod_mult_common)
    i.CTR_READ_ACCEL_MPU3050                 0x08001344   Section        0  i2c_mpu6050.o(i.CTR_READ_ACCEL_MPU3050)
    i.CTR_Single_Read                        0x08001424   Section        0  i2c.o(i.CTR_Single_Read)
    i.CTR_Single_Write                       0x08001474   Section        0  i2c.o(i.CTR_Single_Write)
    i.Delay1Ms                               0x080014be   Section        0  delay.o(i.Delay1Ms)
    i.Delay_Ms                               0x080014ee   Section        0  delay.o(i.Delay_Ms)
    i.EXTI0_IRQHandler                       0x08001500   Section        0  interrupt.o(i.EXTI0_IRQHandler)
    i.EXTI1_IRQHandler                       0x0800152c   Section        0  interrupt.o(i.EXTI1_IRQHandler)
    i.EXTI_ClearITPendingBit                 0x0800157c   Section        0  stm32f10x_exti.o(i.EXTI_ClearITPendingBit)
    i.EXTI_GetITStatus                       0x08001588   Section        0  stm32f10x_exti.o(i.EXTI_GetITStatus)
    i.EXTI_Init                              0x080015b0   Section        0  stm32f10x_exti.o(i.EXTI_Init)
    i.GPIO_EXTILineConfig                    0x08001644   Section        0  stm32f10x_gpio.o(i.GPIO_EXTILineConfig)
    i.GPIO_Init                              0x08001684   Section        0  stm32f10x_gpio.o(i.GPIO_Init)
    i.GPIO_ReadInputDataBit                  0x0800179a   Section        0  stm32f10x_gpio.o(i.GPIO_ReadInputDataBit)
    i.GPIO_ResetBits                         0x080017ac   Section        0  stm32f10x_gpio.o(i.GPIO_ResetBits)
    i.GPIO_SetBits                           0x080017b0   Section        0  stm32f10x_gpio.o(i.GPIO_SetBits)
    i.I2C_LCD_BackLight                      0x080017b4   Section        0  i2c_lcd.o(i.I2C_LCD_BackLight)
    i.I2C_LCD_Clear                          0x080017d4   Section        0  i2c_lcd.o(i.I2C_LCD_Clear)
    i.I2C_LCD_FlushVal                       0x080017e0   Section        0  i2c_lcd.o(i.I2C_LCD_FlushVal)
    I2C_LCD_FlushVal                         0x080017e1   Thumb Code    52  i2c_lcd.o(i.I2C_LCD_FlushVal)
    i.I2C_LCD_Init                           0x0800181c   Section        0  i2c_lcd.o(i.I2C_LCD_Init)
    i.I2C_LCD_NewLine                        0x080018a0   Section        0  i2c_lcd.o(i.I2C_LCD_NewLine)
    i.I2C_LCD_Puts                           0x080018aa   Section        0  i2c_lcd.o(i.I2C_LCD_Puts)
    i.I2C_LCD_Setup                          0x080018c8   Section        0  i2c_lcd.o(i.I2C_LCD_Setup)
    i.I2C_LCD_WriteCmd                       0x080018dc   Section        0  i2c_lcd.o(i.I2C_LCD_WriteCmd)
    I2C_LCD_WriteCmd                         0x080018dd   Thumb Code    42  i2c_lcd.o(i.I2C_LCD_WriteCmd)
    i.I2C_LCD_Write_4bit                     0x0800190c   Section        0  i2c_lcd.o(i.I2C_LCD_Write_4bit)
    I2C_LCD_Write_4bit                       0x0800190d   Thumb Code   106  i2c_lcd.o(i.I2C_LCD_Write_4bit)
    i.I2C_MPU6050_Init                       0x0800197c   Section        0  i2c_mpu6050.o(i.I2C_MPU6050_Init)
    i.I2C_MPU6050_Setup                      0x080019b8   Section        0  i2c_mpu6050.o(i.I2C_MPU6050_Setup)
    i.I2C_Read                               0x080019cc   Section        0  i2c.o(i.I2C_Read)
    i.I2C_Write                              0x08001a12   Section        0  i2c.o(i.I2C_Write)
    i.LCD_WaitBusy                           0x08001a58   Section        0  i2c_lcd.o(i.LCD_WaitBusy)
    i.LCD_Write_Chr                          0x08001ac4   Section        0  i2c_lcd.o(i.LCD_Write_Chr)
    i.My_I2C_Init                            0x08001af4   Section        0  i2c.o(i.My_I2C_Init)
    i.NVIC_Init                              0x08001afc   Section        0  misc.o(i.NVIC_Init)
    i.RCC_APB1PeriphClockCmd                 0x08001b6c   Section        0  stm32f10x_rcc.o(i.RCC_APB1PeriphClockCmd)
    i.RCC_APB2PeriphClockCmd                 0x08001b8c   Section        0  stm32f10x_rcc.o(i.RCC_APB2PeriphClockCmd)
    i.SCL_0                                  0x08001bac   Section        0  i2c.o(i.SCL_0)
    i.SCL_1                                  0x08001bc4   Section        0  i2c.o(i.SCL_1)
    i.SDA_0                                  0x08001bdc   Section        0  i2c.o(i.SDA_0)
    i.SDA_1                                  0x08001bf4   Section        0  i2c.o(i.SDA_1)
    i.SDA_VAL                                0x08001c0c   Section        0  i2c.o(i.SDA_VAL)
    i.SetSysClock                            0x08001c2c   Section        0  system_stm32f10x.o(i.SetSysClock)
    SetSysClock                              0x08001c2d   Thumb Code     8  system_stm32f10x.o(i.SetSysClock)
    i.SetSysClockTo72                        0x08001c34   Section        0  system_stm32f10x.o(i.SetSysClockTo72)
    SetSysClockTo72                          0x08001c35   Thumb Code   214  system_stm32f10x.o(i.SetSysClockTo72)
    i.SystemInit                             0x08001d14   Section        0  system_stm32f10x.o(i.SystemInit)
    i.TIM_Cmd                                0x08001d74   Section        0  stm32f10x_tim.o(i.TIM_Cmd)
    i.TIM_GetCounter                         0x08001d8c   Section        0  stm32f10x_tim.o(i.TIM_GetCounter)
    i.TIM_SetCounter                         0x08001d92   Section        0  stm32f10x_tim.o(i.TIM_SetCounter)
    i.TIM_TimeBaseInit                       0x08001d98   Section        0  stm32f10x_tim.o(i.TIM_TimeBaseInit)
    i.__ARM_fpclassify                       0x08001e3c   Section        0  fpclassify.o(i.__ARM_fpclassify)
    i.__kernel_poly                          0x08001e64   Section        0  poly.o(i.__kernel_poly)
    i.__mathlib_dbl_divzero                  0x08001f10   Section        0  dunder.o(i.__mathlib_dbl_divzero)
    i.__mathlib_dbl_infnan2                  0x08001f20   Section        0  dunder.o(i.__mathlib_dbl_infnan2)
    i.__mathlib_dbl_invalid                  0x08001f24   Section        0  dunder.o(i.__mathlib_dbl_invalid)
    i.__mathlib_dbl_overflow                 0x08001f30   Section        0  dunder.o(i.__mathlib_dbl_overflow)
    i.__mathlib_dbl_underflow                0x08001f40   Section        0  dunder.o(i.__mathlib_dbl_underflow)
    i._is_digit                              0x08001f50   Section        0  __printf_wp.o(i._is_digit)
    i.delay_init                             0x08001f5e   Section        0  delay.o(i.delay_init)
    i.delay_us                               0x08001f88   Section        0  delay.o(i.delay_us)
    i.i2c_init                               0x08001fb8   Section        0  i2c.o(i.i2c_init)
    i.i2c_read                               0x08002004   Section        0  i2c.o(i.i2c_read)
    i.i2c_setup                              0x08002070   Section        0  i2c.o(i.i2c_setup)
    i.i2c_start                              0x08002094   Section        0  i2c.o(i.i2c_start)
    i.i2c_stop                               0x080020c0   Section        0  i2c.o(i.i2c_stop)
    i.i2c_write                              0x080020e2   Section        0  i2c.o(i.i2c_write)
    i.interrupt_init                         0x08002154   Section        0  interrupt.o(i.interrupt_init)
    i.main                                   0x080021dc   Section        0  main.o(i.main)
    i.pow                                    0x08002534   Section        0  pow.o(i.pow)
    i.read_interrupt                         0x08002f0c   Section        0  interrupt.o(i.read_interrupt)
    i.sqrt                                   0x08002f18   Section        0  sqrt.o(i.sqrt)
    locale$$code                             0x08002f64   Section       44  lc_numeric_c.o(locale$$code)
    x$fpl$d2f                                0x08002f90   Section       98  d2f.o(x$fpl$d2f)
    x$fpl$dadd                               0x08002ff4   Section      336  daddsub_clz.o(x$fpl$dadd)
    _dadd1                                   0x08003005   Thumb Code     0  daddsub_clz.o(x$fpl$dadd)
    x$fpl$dcheck1                            0x08003144   Section       16  dcheck1.o(x$fpl$dcheck1)
    x$fpl$dcmpinf                            0x08003154   Section       24  dcmpi.o(x$fpl$dcmpinf)
    x$fpl$ddiv                               0x0800316c   Section      688  ddiv.o(x$fpl$ddiv)
    ddiv_entry                               0x08003173   Thumb Code     0  ddiv.o(x$fpl$ddiv)
    x$fpl$dflt                               0x0800341c   Section       46  dflt_clz.o(x$fpl$dflt)
    x$fpl$dfltu                              0x0800344a   Section       38  dflt_clz.o(x$fpl$dfltu)
    x$fpl$dleqf                              0x08003470   Section      120  dleqf.o(x$fpl$dleqf)
    x$fpl$dmul                               0x080034e8   Section      340  dmul.o(x$fpl$dmul)
    x$fpl$dnaninf                            0x0800363c   Section      156  dnaninf.o(x$fpl$dnaninf)
    x$fpl$dretinf                            0x080036d8   Section       12  dretinf.o(x$fpl$dretinf)
    x$fpl$drleqf                             0x080036e4   Section      108  drleqf.o(x$fpl$drleqf)
    x$fpl$drsb                               0x08003750   Section       22  daddsub_clz.o(x$fpl$drsb)
    x$fpl$dsqrt                              0x08003768   Section      460  dsqrt_noumaal.o(x$fpl$dsqrt)
    x$fpl$dsub                               0x08003934   Section      468  daddsub_clz.o(x$fpl$dsub)
    _dsub1                                   0x08003945   Thumb Code     0  daddsub_clz.o(x$fpl$dsub)
    x$fpl$f2d                                0x08003b08   Section       86  f2d.o(x$fpl$f2d)
    x$fpl$fadd                               0x08003b60   Section      196  faddsub_clz.o(x$fpl$fadd)
    _fadd1                                   0x08003b6f   Thumb Code     0  faddsub_clz.o(x$fpl$fadd)
    x$fpl$fcmpinf                            0x08003c24   Section       24  fcmpi.o(x$fpl$fcmpinf)
    x$fpl$fdiv                               0x08003c3c   Section      388  fdiv.o(x$fpl$fdiv)
    _fdiv1                                   0x08003c3d   Thumb Code     0  fdiv.o(x$fpl$fdiv)
    x$fpl$ffltu                              0x08003dc0   Section       38  fflt_clz.o(x$fpl$ffltu)
    x$fpl$fleqf                              0x08003de8   Section      104  fleqf.o(x$fpl$fleqf)
    x$fpl$fnaninf                            0x08003e50   Section      140  fnaninf.o(x$fpl$fnaninf)
    x$fpl$fretinf                            0x08003edc   Section       10  fretinf.o(x$fpl$fretinf)
    x$fpl$fsub                               0x08003ee8   Section      234  faddsub_clz.o(x$fpl$fsub)
    _fsub1                                   0x08003ef7   Thumb Code     0  faddsub_clz.o(x$fpl$fsub)
    x$fpl$printf1                            0x08003fd2   Section        4  printf1.o(x$fpl$printf1)
    x$fpl$retnan                             0x08003fd6   Section      100  retnan.o(x$fpl$retnan)
    x$fpl$scalbn                             0x0800403a   Section       92  scalbn.o(x$fpl$scalbn)
    x$fpl$trapveneer                         0x08004096   Section       48  trapv.o(x$fpl$trapveneer)
    x$fpl$usenofp                            0x080040c6   Section        0  usenofp.o(x$fpl$usenofp)
    .constdata                               0x080040c8   Section      136  pow.o(.constdata)
    bp                                       0x080040c8   Data          16  pow.o(.constdata)
    dp_h                                     0x080040d8   Data          16  pow.o(.constdata)
    dp_l                                     0x080040e8   Data          16  pow.o(.constdata)
    L                                        0x080040f8   Data          48  pow.o(.constdata)
    P                                        0x08004128   Data          40  pow.o(.constdata)
    .constdata                               0x08004150   Section        8  qnan.o(.constdata)
    .constdata                               0x08004158   Section      148  bigflt0.o(.constdata)
    tenpwrs_x                                0x08004158   Data          60  bigflt0.o(.constdata)
    tenpwrs_i                                0x08004194   Data          64  bigflt0.o(.constdata)
    locale$$data                             0x0800420c   Section       28  lc_numeric_c.o(locale$$data)
    __lcnum_c_name                           0x08004210   Data           2  lc_numeric_c.o(locale$$data)
    __lcnum_c_start                          0x08004218   Data           0  lc_numeric_c.o(locale$$data)
    __lcnum_c_point                          0x08004224   Data           0  lc_numeric_c.o(locale$$data)
    __lcnum_c_thousands                      0x08004226   Data           0  lc_numeric_c.o(locale$$data)
    __lcnum_c_grouping                       0x08004227   Data           0  lc_numeric_c.o(locale$$data)
    __lcnum_c_end                            0x08004228   Data           0  lc_numeric_c.o(locale$$data)
    .data                                    0x20000000   Section       40  main.o(.data)
    .data                                    0x20000028   Section        9  i2c_lcd.o(.data)
    u8LCD_Buff                               0x20000028   Data           8  i2c_lcd.o(.data)
    u8LcdTmp                                 0x20000030   Data           1  i2c_lcd.o(.data)
    .data                                    0x20000034   Section       12  i2c.o(.data)
    .data                                    0x20000040   Section       24  i2c_mpu6050.o(.data)
    CTR_MPU6050_BUF                          0x20000040   Data           8  i2c_mpu6050.o(.data)
    a                                        0x20000048   Data           2  i2c_mpu6050.o(.data)
    .data                                    0x20000058   Section        1  interrupt.o(.data)
    Led_logic                                0x20000058   Data           1  interrupt.o(.data)
    .bss                                     0x2000005c   Section       32  main.o(.bss)
    .bss                                     0x2000007c   Section       16  i2c_mpu6050.o(.bss)
    mpuData                                  0x2000007c   Data          16  i2c_mpu6050.o(.bss)
    .bss                                     0x2000008c   Section       96  libspace.o(.bss)
    HEAP                                     0x200000f0   Section      512  startup_stm32f10x_md.o(HEAP)
    Heap_Mem                                 0x200000f0   Data         512  startup_stm32f10x_md.o(HEAP)
    STACK                                    0x200002f0   Section     1024  startup_stm32f10x_md.o(STACK)
    Stack_Mem                                0x200002f0   Data        1024  startup_stm32f10x_md.o(STACK)
    __initial_sp                             0x200006f0   Data           0  startup_stm32f10x_md.o(STACK)

    Global Symbols

    Symbol Name                              Value     Ov Type        Size  Object(Section)

    BuildAttributes$$THM_ISAv4$P$D$K$B$S$PE$A:L22UL41UL21$X:L11$S22US41US21$IEEE1$IW$USESV6$~STKCKD$USESV7$~SHL$OTIME$ROPI$IEEEX$EBA8$UX$STANDARDLIB$REQ8$PRES8$EABIv2 0x00000000   Number         0  anon$$obj.o ABSOLUTE
    __ARM_use_no_argv                        0x00000000   Number         0  main.o ABSOLUTE
    _printf_flags                            0x00000000   Number         0  printf_stubs.o ABSOLUTE
    _printf_return_value                     0x00000000   Number         0  printf_stubs.o ABSOLUTE
    _printf_sizespec                         0x00000000   Number         0  printf_stubs.o ABSOLUTE
    _printf_widthprec                        0x00000000   Number         0  printf_stubs.o ABSOLUTE
    __ARM_exceptions_init                     - Undefined Weak Reference
    __alloca_initialize                       - Undefined Weak Reference
    __arm_preinit_                            - Undefined Weak Reference
    __cpp_initialize__aeabi_                  - Undefined Weak Reference
    __cxa_finalize                            - Undefined Weak Reference
    __sigvec_lookup                           - Undefined Weak Reference
    _atexit_init                              - Undefined Weak Reference
    _call_atexit_fns                          - Undefined Weak Reference
    _clock_init                               - Undefined Weak Reference
    _fp_trap_init                             - Undefined Weak Reference
    _fp_trap_shutdown                         - Undefined Weak Reference
    _get_lc_collate                           - Undefined Weak Reference
    _get_lc_ctype                             - Undefined Weak Reference
    _get_lc_monetary                          - Undefined Weak Reference
    _get_lc_time                              - Undefined Weak Reference
    _getenv_init                              - Undefined Weak Reference
    _handle_redirection                       - Undefined Weak Reference
    _init_alloc                               - Undefined Weak Reference
    _init_user_alloc                          - Undefined Weak Reference
    _initio                                   - Undefined Weak Reference
    _printf_post_padding                      - Undefined Weak Reference
    _printf_pre_padding                       - Undefined Weak Reference
    _printf_truncate_signed                   - Undefined Weak Reference
    _printf_truncate_unsigned                 - Undefined Weak Reference
    _rand_init                                - Undefined Weak Reference
    _signal_finish                            - Undefined Weak Reference
    _signal_init                              - Undefined Weak Reference
    _terminate_alloc                          - Undefined Weak Reference
    _terminate_user_alloc                     - Undefined Weak Reference
    _terminateio                              - Undefined Weak Reference
    __Vectors_Size                           0x000000ec   Number         0  startup_stm32f10x_md.o ABSOLUTE
    __Vectors                                0x08000000   Data           4  startup_stm32f10x_md.o(RESET)
    __Vectors_End                            0x080000ec   Data           0  startup_stm32f10x_md.o(RESET)
    __main                                   0x080000ed   Thumb Code     8  __main.o(!!!main)
    __scatterload                            0x080000f5   Thumb Code     0  __scatter.o(!!!scatter)
    __scatterload_rt2                        0x080000f5   Thumb Code    44  __scatter.o(!!!scatter)
    __scatterload_rt2_thumb_only             0x080000f5   Thumb Code     0  __scatter.o(!!!scatter)
    __scatterload_null                       0x08000103   Thumb Code     0  __scatter.o(!!!scatter)
    __scatterload_copy                       0x08000129   Thumb Code    26  __scatter_copy.o(!!handler_copy)
    __scatterload_zeroinit                   0x08000145   Thumb Code    28  __scatter_zi.o(!!handler_zi)
    _printf_f                                0x08000161   Thumb Code     0  _printf_f.o(.ARM.Collect$$_printf_percent$$00000003)
    _printf_percent                          0x08000161   Thumb Code     0  _printf_percent.o(.ARM.Collect$$_printf_percent$$00000000)
    _printf_d                                0x08000167   Thumb Code     0  _printf_d.o(.ARM.Collect$$_printf_percent$$00000009)
    _printf_percent_end                      0x0800016d   Thumb Code     0  _printf_percent_end.o(.ARM.Collect$$_printf_percent$$00000017)
    __rt_lib_init                            0x08000171   Thumb Code     0  libinit.o(.ARM.Collect$$libinit$$00000000)
    __rt_lib_init_fp_1                       0x08000173   Thumb Code     0  libinit2.o(.ARM.Collect$$libinit$$00000002)
    __rt_lib_init_heap_1                     0x08000173   Thumb Code     0  libinit2.o(.ARM.Collect$$libinit$$0000000A)
    __rt_lib_init_lc_common                  0x08000173   Thumb Code     0  libinit2.o(.ARM.Collect$$libinit$$0000000F)
    __rt_lib_init_preinit_1                  0x08000173   Thumb Code     0  libinit2.o(.ARM.Collect$$libinit$$00000004)
    __rt_lib_init_rand_1                     0x08000173   Thumb Code     0  libinit2.o(.ARM.Collect$$libinit$$0000000E)
    __rt_lib_init_user_alloc_1               0x08000173   Thumb Code     0  libinit2.o(.ARM.Collect$$libinit$$0000000C)
    __rt_lib_init_lc_collate_1               0x08000179   Thumb Code     0  libinit2.o(.ARM.Collect$$libinit$$00000011)
    __rt_lib_init_lc_ctype_1                 0x08000179   Thumb Code     0  libinit2.o(.ARM.Collect$$libinit$$00000013)
    __rt_lib_init_lc_monetary_1              0x08000179   Thumb Code     0  libinit2.o(.ARM.Collect$$libinit$$00000015)
    __rt_lib_init_lc_numeric_2               0x08000179   Thumb Code     0  libinit2.o(.ARM.Collect$$libinit$$00000016)
    __rt_lib_init_alloca_1                   0x08000183   Thumb Code     0  libinit2.o(.ARM.Collect$$libinit$$0000002E)
    __rt_lib_init_argv_1                     0x08000183   Thumb Code     0  libinit2.o(.ARM.Collect$$libinit$$0000002C)
    __rt_lib_init_atexit_1                   0x08000183   Thumb Code     0  libinit2.o(.ARM.Collect$$libinit$$0000001B)
    __rt_lib_init_clock_1                    0x08000183   Thumb Code     0  libinit2.o(.ARM.Collect$$libinit$$00000021)
    __rt_lib_init_cpp_1                      0x08000183   Thumb Code     0  libinit2.o(.ARM.Collect$$libinit$$00000032)
    __rt_lib_init_exceptions_1               0x08000183   Thumb Code     0  libinit2.o(.ARM.Collect$$libinit$$00000030)
    __rt_lib_init_fp_trap_1                  0x08000183   Thumb Code     0  libinit2.o(.ARM.Collect$$libinit$$0000001F)
    __rt_lib_init_getenv_1                   0x08000183   Thumb Code     0  libinit2.o(.ARM.Collect$$libinit$$00000023)
    __rt_lib_init_lc_numeric_1               0x08000183   Thumb Code     0  libinit2.o(.ARM.Collect$$libinit$$00000017)
    __rt_lib_init_lc_time_1                  0x08000183   Thumb Code     0  libinit2.o(.ARM.Collect$$libinit$$00000019)
    __rt_lib_init_return                     0x08000183   Thumb Code     0  libinit2.o(.ARM.Collect$$libinit$$00000033)
    __rt_lib_init_signal_1                   0x08000183   Thumb Code     0  libinit2.o(.ARM.Collect$$libinit$$0000001D)
    __rt_lib_init_stdio_1                    0x08000183   Thumb Code     0  libinit2.o(.ARM.Collect$$libinit$$00000025)
    __rt_lib_shutdown                        0x08000185   Thumb Code     0  libshutdown.o(.ARM.Collect$$libshutdown$$00000000)
    __rt_lib_shutdown_cpp_1                  0x08000187   Thumb Code     0  libshutdown2.o(.ARM.Collect$$libshutdown$$00000002)
    __rt_lib_shutdown_fp_trap_1              0x08000187   Thumb Code     0  libshutdown2.o(.ARM.Collect$$libshutdown$$00000007)
    __rt_lib_shutdown_heap_1                 0x08000187   Thumb Code     0  libshutdown2.o(.ARM.Collect$$libshutdown$$0000000F)
    __rt_lib_shutdown_return                 0x08000187   Thumb Code     0  libshutdown2.o(.ARM.Collect$$libshutdown$$00000010)
    __rt_lib_shutdown_signal_1               0x08000187   Thumb Code     0  libshutdown2.o(.ARM.Collect$$libshutdown$$0000000A)
    __rt_lib_shutdown_stdio_1                0x08000187   Thumb Code     0  libshutdown2.o(.ARM.Collect$$libshutdown$$00000004)
    __rt_lib_shutdown_user_alloc_1           0x08000187   Thumb Code     0  libshutdown2.o(.ARM.Collect$$libshutdown$$0000000C)
    __rt_entry                               0x08000189   Thumb Code     0  __rtentry.o(.ARM.Collect$$rtentry$$00000000)
    __rt_entry_presh_1                       0x08000189   Thumb Code     0  __rtentry2.o(.ARM.Collect$$rtentry$$00000002)
    __rt_entry_sh                            0x08000189   Thumb Code     0  __rtentry4.o(.ARM.Collect$$rtentry$$00000004)
    __rt_entry_li                            0x0800018f   Thumb Code     0  __rtentry2.o(.ARM.Collect$$rtentry$$0000000A)
    __rt_entry_postsh_1                      0x0800018f   Thumb Code     0  __rtentry2.o(.ARM.Collect$$rtentry$$00000009)
    __rt_entry_main                          0x08000193   Thumb Code     0  __rtentry2.o(.ARM.Collect$$rtentry$$0000000D)
    __rt_entry_postli_1                      0x08000193   Thumb Code     0  __rtentry2.o(.ARM.Collect$$rtentry$$0000000C)
    __rt_exit                                0x0800019b   Thumb Code     0  rtexit.o(.ARM.Collect$$rtexit$$00000000)
    __rt_exit_ls                             0x0800019d   Thumb Code     0  rtexit2.o(.ARM.Collect$$rtexit$$00000003)
    __rt_exit_prels_1                        0x0800019d   Thumb Code     0  rtexit2.o(.ARM.Collect$$rtexit$$00000002)
    __rt_exit_exit                           0x080001a1   Thumb Code     0  rtexit2.o(.ARM.Collect$$rtexit$$00000004)
    Reset_Handler                            0x080001a9   Thumb Code     8  startup_stm32f10x_md.o(.text)
    NMI_Handler                              0x080001b1   Thumb Code     2  startup_stm32f10x_md.o(.text)
    HardFault_Handler                        0x080001b3   Thumb Code     2  startup_stm32f10x_md.o(.text)
    MemManage_Handler                        0x080001b5   Thumb Code     2  startup_stm32f10x_md.o(.text)
    BusFault_Handler                         0x080001b7   Thumb Code     2  startup_stm32f10x_md.o(.text)
    UsageFault_Handler                       0x080001b9   Thumb Code     2  startup_stm32f10x_md.o(.text)
    SVC_Handler                              0x080001bb   Thumb Code     2  startup_stm32f10x_md.o(.text)
    DebugMon_Handler                         0x080001bd   Thumb Code     2  startup_stm32f10x_md.o(.text)
    PendSV_Handler                           0x080001bf   Thumb Code     2  startup_stm32f10x_md.o(.text)
    SysTick_Handler                          0x080001c1   Thumb Code     2  startup_stm32f10x_md.o(.text)
    ADC1_2_IRQHandler                        0x080001c3   Thumb Code     0  startup_stm32f10x_md.o(.text)
    CAN1_RX1_IRQHandler                      0x080001c3   Thumb Code     0  startup_stm32f10x_md.o(.text)
    CAN1_SCE_IRQHandler                      0x080001c3   Thumb Code     0  startup_stm32f10x_md.o(.text)
    DMA1_Channel1_IRQHandler                 0x080001c3   Thumb Code     0  startup_stm32f10x_md.o(.text)
    DMA1_Channel2_IRQHandler                 0x080001c3   Thumb Code     0  startup_stm32f10x_md.o(.text)
    DMA1_Channel3_IRQHandler                 0x080001c3   Thumb Code     0  startup_stm32f10x_md.o(.text)
    DMA1_Channel4_IRQHandler                 0x080001c3   Thumb Code     0  startup_stm32f10x_md.o(.text)
    DMA1_Channel5_IRQHandler                 0x080001c3   Thumb Code     0  startup_stm32f10x_md.o(.text)
    DMA1_Channel6_IRQHandler                 0x080001c3   Thumb Code     0  startup_stm32f10x_md.o(.text)
    DMA1_Channel7_IRQHandler                 0x080001c3   Thumb Code     0  startup_stm32f10x_md.o(.text)
    EXTI15_10_IRQHandler                     0x080001c3   Thumb Code     0  startup_stm32f10x_md.o(.text)
    EXTI2_IRQHandler                         0x080001c3   Thumb Code     0  startup_stm32f10x_md.o(.text)
    EXTI3_IRQHandler                         0x080001c3   Thumb Code     0  startup_stm32f10x_md.o(.text)
    EXTI4_IRQHandler                         0x080001c3   Thumb Code     0  startup_stm32f10x_md.o(.text)
    EXTI9_5_IRQHandler                       0x080001c3   Thumb Code     0  startup_stm32f10x_md.o(.text)
    FLASH_IRQHandler                         0x080001c3   Thumb Code     0  startup_stm32f10x_md.o(.text)
    I2C1_ER_IRQHandler                       0x080001c3   Thumb Code     0  startup_stm32f10x_md.o(.text)
    I2C1_EV_IRQHandler                       0x080001c3   Thumb Code     0  startup_stm32f10x_md.o(.text)
    I2C2_ER_IRQHandler                       0x080001c3   Thumb Code     0  startup_stm32f10x_md.o(.text)
    I2C2_EV_IRQHandler                       0x080001c3   Thumb Code     0  startup_stm32f10x_md.o(.text)
    PVD_IRQHandler                           0x080001c3   Thumb Code     0  startup_stm32f10x_md.o(.text)
    RCC_IRQHandler                           0x080001c3   Thumb Code     0  startup_stm32f10x_md.o(.text)
    RTCAlarm_IRQHandler                      0x080001c3   Thumb Code     0  startup_stm32f10x_md.o(.text)
    RTC_IRQHandler                           0x080001c3   Thumb Code     0  startup_stm32f10x_md.o(.text)
    SPI1_IRQHandler                          0x080001c3   Thumb Code     0  startup_stm32f10x_md.o(.text)
    SPI2_IRQHandler                          0x080001c3   Thumb Code     0  startup_stm32f10x_md.o(.text)
    TAMPER_IRQHandler                        0x080001c3   Thumb Code     0  startup_stm32f10x_md.o(.text)
    TIM1_BRK_IRQHandler                      0x080001c3   Thumb Code     0  startup_stm32f10x_md.o(.text)
    TIM1_CC_IRQHandler                       0x080001c3   Thumb Code     0  startup_stm32f10x_md.o(.text)
    TIM1_TRG_COM_IRQHandler                  0x080001c3   Thumb Code     0  startup_stm32f10x_md.o(.text)
    TIM1_UP_IRQHandler                       0x080001c3   Thumb Code     0  startup_stm32f10x_md.o(.text)
    TIM2_IRQHandler                          0x080001c3   Thumb Code     0  startup_stm32f10x_md.o(.text)
    TIM3_IRQHandler                          0x080001c3   Thumb Code     0  startup_stm32f10x_md.o(.text)
    TIM4_IRQHandler                          0x080001c3   Thumb Code     0  startup_stm32f10x_md.o(.text)
    USART1_IRQHandler                        0x080001c3   Thumb Code     0  startup_stm32f10x_md.o(.text)
    USART2_IRQHandler                        0x080001c3   Thumb Code     0  startup_stm32f10x_md.o(.text)
    USART3_IRQHandler                        0x080001c3   Thumb Code     0  startup_stm32f10x_md.o(.text)
    USBWakeUp_IRQHandler                     0x080001c3   Thumb Code     0  startup_stm32f10x_md.o(.text)
    USB_HP_CAN1_TX_IRQHandler                0x080001c3   Thumb Code     0  startup_stm32f10x_md.o(.text)
    USB_LP_CAN1_RX0_IRQHandler               0x080001c3   Thumb Code     0  startup_stm32f10x_md.o(.text)
    WWDG_IRQHandler                          0x080001c3   Thumb Code     0  startup_stm32f10x_md.o(.text)
    __user_initial_stackheap                 0x080001c5   Thumb Code     0  startup_stm32f10x_md.o(.text)
    __2sprintf                               0x080001e9   Thumb Code    34  noretval__2sprintf.o(.text)
    _printf_int_dec                          0x08000211   Thumb Code   104  _printf_dec.o(.text)
    __printf                                 0x08000289   Thumb Code   270  __printf_wp.o(.text)
    __use_two_region_memory                  0x08000397   Thumb Code     2  heapauxi.o(.text)
    __rt_heap_escrow$2region                 0x08000399   Thumb Code     2  heapauxi.o(.text)
    __rt_heap_expand$2region                 0x0800039b   Thumb Code     2  heapauxi.o(.text)
    __read_errno                             0x0800039d   Thumb Code    10  _rserrno.o(.text)
    __set_errno                              0x080003a7   Thumb Code    12  _rserrno.o(.text)
    _printf_int_common                       0x080003b3   Thumb Code   178  _printf_intcommon.o(.text)
    __lib_sel_fp_printf                      0x08000465   Thumb Code     2  _printf_fp_dec.o(.text)
    _printf_fp_dec_real                      0x08000617   Thumb Code   620  _printf_fp_dec.o(.text)
    _printf_char_common                      0x0800088f   Thumb Code    32  _printf_char_common.o(.text)
    _sputc                                   0x080008b5   Thumb Code    10  _sputc.o(.text)
    __rt_locale                              0x080008c1   Thumb Code     8  rt_locale_intlibspace.o(.text)
    __aeabi_errno_addr                       0x080008c9   Thumb Code     8  rt_errno_addr_intlibspace.o(.text)
    __errno$intlibspace                      0x080008c9   Thumb Code     0  rt_errno_addr_intlibspace.o(.text)
    __rt_errno_addr$intlibspace              0x080008c9   Thumb Code     0  rt_errno_addr_intlibspace.o(.text)
    _ll_udiv10                               0x080008d1   Thumb Code   138  lludiv10.o(.text)
    _printf_fp_infnan                        0x0800095d   Thumb Code   112  _printf_fp_infnan.o(.text)
    _btod_etento                             0x080009dd   Thumb Code   224  bigflt0.o(.text)
    __user_libspace                          0x08000ac1   Thumb Code     8  libspace.o(.text)
    __user_perproc_libspace                  0x08000ac1   Thumb Code     0  libspace.o(.text)
    __user_perthread_libspace                0x08000ac1   Thumb Code     0  libspace.o(.text)
    __user_setup_stackheap                   0x08000ac9   Thumb Code    74  sys_stackheap_outer.o(.text)
    exit                                     0x08000b13   Thumb Code    18  exit.o(.text)
    strcmp                                   0x08000b25   Thumb Code   128  strcmpv7m.o(.text)
    _sys_exit                                0x08000ba5   Thumb Code     8  sys_exit.o(.text)
    __I$use$semihosting                      0x08000bb1   Thumb Code     0  use_no_semi.o(.text)
    __use_no_semihosting_swi                 0x08000bb1   Thumb Code     2  use_no_semi.o(.text)
    __semihosting_library_function           0x08000bb3   Thumb Code     0  indicate_semi.o(.text)
    _btod_d2e                                0x08000bb3   Thumb Code    62  btod.o(CL$$btod_d2e)
    _d2e_denorm_low                          0x08000bf1   Thumb Code    70  btod.o(CL$$btod_d2e_denorm_low)
    _d2e_norm_op1                            0x08000c37   Thumb Code    96  btod.o(CL$$btod_d2e_norm_op1)
    __btod_div_common                        0x08000c97   Thumb Code   696  btod.o(CL$$btod_div_common)
    _e2e                                     0x08000fcf   Thumb Code   220  btod.o(CL$$btod_e2e)
    _btod_ediv                               0x080010ab   Thumb Code    42  btod.o(CL$$btod_ediv)
    _btod_emul                               0x080010d5   Thumb Code    42  btod.o(CL$$btod_emul)
    __btod_mult_common                       0x080010ff   Thumb Code   580  btod.o(CL$$btod_mult_common)
    CTR_READ_ACCEL_MPU3050                   0x08001345   Thumb Code   208  i2c_mpu6050.o(i.CTR_READ_ACCEL_MPU3050)
    CTR_Single_Read                          0x08001425   Thumb Code    80  i2c.o(i.CTR_Single_Read)
    CTR_Single_Write                         0x08001475   Thumb Code    74  i2c.o(i.CTR_Single_Write)
    Delay1Ms                                 0x080014bf   Thumb Code    48  delay.o(i.Delay1Ms)
    Delay_Ms                                 0x080014ef   Thumb Code    18  delay.o(i.Delay_Ms)
    EXTI0_IRQHandler                         0x08001501   Thumb Code    40  interrupt.o(i.EXTI0_IRQHandler)
    EXTI1_IRQHandler                         0x0800152d   Thumb Code    72  interrupt.o(i.EXTI1_IRQHandler)
    EXTI_ClearITPendingBit                   0x0800157d   Thumb Code     6  stm32f10x_exti.o(i.EXTI_ClearITPendingBit)
    EXTI_GetITStatus                         0x08001589   Thumb Code    34  stm32f10x_exti.o(i.EXTI_GetITStatus)
    EXTI_Init                                0x080015b1   Thumb Code   142  stm32f10x_exti.o(i.EXTI_Init)
    GPIO_EXTILineConfig                      0x08001645   Thumb Code    60  stm32f10x_gpio.o(i.GPIO_EXTILineConfig)
    GPIO_Init                                0x08001685   Thumb Code   278  stm32f10x_gpio.o(i.GPIO_Init)
    GPIO_ReadInputDataBit                    0x0800179b   Thumb Code    18  stm32f10x_gpio.o(i.GPIO_ReadInputDataBit)
    GPIO_ResetBits                           0x080017ad   Thumb Code     4  stm32f10x_gpio.o(i.GPIO_ResetBits)
    GPIO_SetBits                             0x080017b1   Thumb Code     4  stm32f10x_gpio.o(i.GPIO_SetBits)
    I2C_LCD_BackLight                        0x080017b5   Thumb Code    26  i2c_lcd.o(i.I2C_LCD_BackLight)
    I2C_LCD_Clear                            0x080017d5   Thumb Code    10  i2c_lcd.o(i.I2C_LCD_Clear)
    I2C_LCD_Init                             0x0800181d   Thumb Code   128  i2c_lcd.o(i.I2C_LCD_Init)
    I2C_LCD_NewLine                          0x080018a1   Thumb Code    10  i2c_lcd.o(i.I2C_LCD_NewLine)
    I2C_LCD_Puts                             0x080018ab   Thumb Code    28  i2c_lcd.o(i.I2C_LCD_Puts)
    I2C_LCD_Setup                            0x080018c9   Thumb Code    16  i2c_lcd.o(i.I2C_LCD_Setup)
    I2C_MPU6050_Init                         0x0800197d   Thumb Code    58  i2c_mpu6050.o(i.I2C_MPU6050_Init)
    I2C_MPU6050_Setup                        0x080019b9   Thumb Code    16  i2c_mpu6050.o(i.I2C_MPU6050_Setup)
    I2C_Read                                 0x080019cd   Thumb Code    70  i2c.o(i.I2C_Read)
    I2C_Write                                0x08001a13   Thumb Code    68  i2c.o(i.I2C_Write)
    LCD_WaitBusy                             0x08001a59   Thumb Code   104  i2c_lcd.o(i.LCD_WaitBusy)
    LCD_Write_Chr                            0x08001ac5   Thumb Code    42  i2c_lcd.o(i.LCD_Write_Chr)
    My_I2C_Init                              0x08001af5   Thumb Code     8  i2c.o(i.My_I2C_Init)
    NVIC_Init                                0x08001afd   Thumb Code   100  misc.o(i.NVIC_Init)
    RCC_APB1PeriphClockCmd                   0x08001b6d   Thumb Code    26  stm32f10x_rcc.o(i.RCC_APB1PeriphClockCmd)
    RCC_APB2PeriphClockCmd                   0x08001b8d   Thumb Code    26  stm32f10x_rcc.o(i.RCC_APB2PeriphClockCmd)
    SCL_0                                    0x08001bad   Thumb Code    16  i2c.o(i.SCL_0)
    SCL_1                                    0x08001bc5   Thumb Code    16  i2c.o(i.SCL_1)
    SDA_0                                    0x08001bdd   Thumb Code    16  i2c.o(i.SDA_0)
    SDA_1                                    0x08001bf5   Thumb Code    16  i2c.o(i.SDA_1)
    SDA_VAL                                  0x08001c0d   Thumb Code    24  i2c.o(i.SDA_VAL)
    SystemInit                               0x08001d15   Thumb Code    78  system_stm32f10x.o(i.SystemInit)
    TIM_Cmd                                  0x08001d75   Thumb Code    24  stm32f10x_tim.o(i.TIM_Cmd)
    TIM_GetCounter                           0x08001d8d   Thumb Code     6  stm32f10x_tim.o(i.TIM_GetCounter)
    TIM_SetCounter                           0x08001d93   Thumb Code     4  stm32f10x_tim.o(i.TIM_SetCounter)
    TIM_TimeBaseInit                         0x08001d99   Thumb Code   122  stm32f10x_tim.o(i.TIM_TimeBaseInit)
    __ARM_fpclassify                         0x08001e3d   Thumb Code    40  fpclassify.o(i.__ARM_fpclassify)
    __kernel_poly                            0x08001e65   Thumb Code   170  poly.o(i.__kernel_poly)
    __mathlib_dbl_divzero                    0x08001f11   Thumb Code    12  dunder.o(i.__mathlib_dbl_divzero)
    __mathlib_dbl_infnan2                    0x08001f21   Thumb Code     4  dunder.o(i.__mathlib_dbl_infnan2)
    __mathlib_dbl_invalid                    0x08001f25   Thumb Code    12  dunder.o(i.__mathlib_dbl_invalid)
    __mathlib_dbl_overflow                   0x08001f31   Thumb Code    14  dunder.o(i.__mathlib_dbl_overflow)
    __mathlib_dbl_underflow                  0x08001f41   Thumb Code    10  dunder.o(i.__mathlib_dbl_underflow)
    _is_digit                                0x08001f51   Thumb Code    14  __printf_wp.o(i._is_digit)
    delay_init                               0x08001f5f   Thumb Code    42  delay.o(i.delay_init)
    delay_us                                 0x08001f89   Thumb Code    48  delay.o(i.delay_us)
    i2c_init                                 0x08001fb9   Thumb Code    58  i2c.o(i.i2c_init)
    i2c_read                                 0x08002005   Thumb Code   108  i2c.o(i.i2c_read)
    i2c_setup                                0x08002071   Thumb Code    20  i2c.o(i.i2c_setup)
    i2c_start                                0x08002095   Thumb Code    44  i2c.o(i.i2c_start)
    i2c_stop                                 0x080020c1   Thumb Code    34  i2c.o(i.i2c_stop)
    i2c_write                                0x080020e3   Thumb Code   114  i2c.o(i.i2c_write)
    interrupt_init                           0x08002155   Thumb Code   132  interrupt.o(i.interrupt_init)
    main                                     0x080021dd   Thumb Code   766  main.o(i.main)
    pow                                      0x08002535   Thumb Code  2512  pow.o(i.pow)
    read_interrupt                           0x08002f0d   Thumb Code     6  interrupt.o(i.read_interrupt)
    sqrt                                     0x08002f19   Thumb Code    76  sqrt.o(i.sqrt)
    _get_lc_numeric                          0x08002f65   Thumb Code    44  lc_numeric_c.o(locale$$code)
    __aeabi_d2f                              0x08002f91   Thumb Code     0  d2f.o(x$fpl$d2f)
    _d2f                                     0x08002f91   Thumb Code    98  d2f.o(x$fpl$d2f)
    __aeabi_dadd                             0x08002ff5   Thumb Code     0  daddsub_clz.o(x$fpl$dadd)
    _dadd                                    0x08002ff5   Thumb Code   332  daddsub_clz.o(x$fpl$dadd)
    __fpl_dcheck_NaN1                        0x08003145   Thumb Code    10  dcheck1.o(x$fpl$dcheck1)
    __fpl_dcmp_Inf                           0x08003155   Thumb Code    24  dcmpi.o(x$fpl$dcmpinf)
    __aeabi_ddiv                             0x0800316d   Thumb Code     0  ddiv.o(x$fpl$ddiv)
    _ddiv                                    0x0800316d   Thumb Code   552  ddiv.o(x$fpl$ddiv)
    __aeabi_i2d                              0x0800341d   Thumb Code     0  dflt_clz.o(x$fpl$dflt)
    _dflt                                    0x0800341d   Thumb Code    46  dflt_clz.o(x$fpl$dflt)
    __aeabi_ui2d                             0x0800344b   Thumb Code     0  dflt_clz.o(x$fpl$dfltu)
    _dfltu                                   0x0800344b   Thumb Code    38  dflt_clz.o(x$fpl$dfltu)
    __aeabi_cdcmple                          0x08003471   Thumb Code     0  dleqf.o(x$fpl$dleqf)
    _dcmple                                  0x08003471   Thumb Code   120  dleqf.o(x$fpl$dleqf)
    __fpl_dcmple_InfNaN                      0x080034d3   Thumb Code     0  dleqf.o(x$fpl$dleqf)
    __aeabi_dmul                             0x080034e9   Thumb Code     0  dmul.o(x$fpl$dmul)
    _dmul                                    0x080034e9   Thumb Code   332  dmul.o(x$fpl$dmul)
    __fpl_dnaninf                            0x0800363d   Thumb Code   156  dnaninf.o(x$fpl$dnaninf)
    __fpl_dretinf                            0x080036d9   Thumb Code    12  dretinf.o(x$fpl$dretinf)
    __aeabi_cdrcmple                         0x080036e5   Thumb Code     0  drleqf.o(x$fpl$drleqf)
    _drcmple                                 0x080036e5   Thumb Code   108  drleqf.o(x$fpl$drleqf)
    __aeabi_drsub                            0x08003751   Thumb Code     0  daddsub_clz.o(x$fpl$drsb)
    _drsb                                    0x08003751   Thumb Code    22  daddsub_clz.o(x$fpl$drsb)
    _dsqrt                                   0x08003769   Thumb Code   456  dsqrt_noumaal.o(x$fpl$dsqrt)
    __aeabi_dsub                             0x08003935   Thumb Code     0  daddsub_clz.o(x$fpl$dsub)
    _dsub                                    0x08003935   Thumb Code   464  daddsub_clz.o(x$fpl$dsub)
    __aeabi_f2d                              0x08003b09   Thumb Code     0  f2d.o(x$fpl$f2d)
    _f2d                                     0x08003b09   Thumb Code    86  f2d.o(x$fpl$f2d)
    __aeabi_fadd                             0x08003b61   Thumb Code     0  faddsub_clz.o(x$fpl$fadd)
    _fadd                                    0x08003b61   Thumb Code   196  faddsub_clz.o(x$fpl$fadd)
    __fpl_fcmp_Inf                           0x08003c25   Thumb Code    24  fcmpi.o(x$fpl$fcmpinf)
    __aeabi_fdiv                             0x08003c3d   Thumb Code     0  fdiv.o(x$fpl$fdiv)
    _fdiv                                    0x08003c3d   Thumb Code   384  fdiv.o(x$fpl$fdiv)
    __aeabi_ui2f                             0x08003dc1   Thumb Code     0  fflt_clz.o(x$fpl$ffltu)
    _ffltu                                   0x08003dc1   Thumb Code    38  fflt_clz.o(x$fpl$ffltu)
    __aeabi_cfcmple                          0x08003de9   Thumb Code     0  fleqf.o(x$fpl$fleqf)
    _fcmple                                  0x08003de9   Thumb Code   104  fleqf.o(x$fpl$fleqf)
    __fpl_fcmple_InfNaN                      0x08003e3b   Thumb Code     0  fleqf.o(x$fpl$fleqf)
    __fpl_fnaninf                            0x08003e51   Thumb Code   140  fnaninf.o(x$fpl$fnaninf)
    __fpl_fretinf                            0x08003edd   Thumb Code    10  fretinf.o(x$fpl$fretinf)
    __aeabi_fsub                             0x08003ee9   Thumb Code     0  faddsub_clz.o(x$fpl$fsub)
    _fsub                                    0x08003ee9   Thumb Code   234  faddsub_clz.o(x$fpl$fsub)
    _printf_fp_dec                           0x08003fd3   Thumb Code     4  printf1.o(x$fpl$printf1)
    __fpl_return_NaN                         0x08003fd7   Thumb Code   100  retnan.o(x$fpl$retnan)
    __ARM_scalbn                             0x0800403b   Thumb Code    92  scalbn.o(x$fpl$scalbn)
    __fpl_cmpreturn                          0x08004097   Thumb Code    48  trapv.o(x$fpl$trapveneer)
    __I$use$fp                               0x080040c6   Number         0  usenofp.o(x$fpl$usenofp)
    __mathlib_zero                           0x08004150   Data           8  qnan.o(.constdata)
    Region$$Table$$Base                      0x080041ec   Number         0  anon$$obj.o(Region$$Table)
    Region$$Table$$Limit                     0x0800420c   Number         0  anon$$obj.o(Region$$Table)
    i                                        0x20000000   Data           4  main.o(.data)
    CTR_MPU6050_getvalue                     0x20000004   Data           4  main.o(.data)
    logic_led                                0x20000008   Data           1  main.o(.data)
    count                                    0x2000000c   Data           4  main.o(.data)
    gtb_X                                    0x20000010   Data           4  main.o(.data)
    G_sum                                    0x20000014   Data           4  main.o(.data)
    Gx                                       0x20000018   Data           4  main.o(.data)
    Gz                                       0x2000001c   Data           4  main.o(.data)
    start                                    0x20000020   Data           4  main.o(.data)
    index1                                   0x20000024   Data           4  main.o(.data)
    GPIOx                                    0x20000034   Data           4  i2c.o(.data)
    GPIO_PIN_x                               0x20000038   Data           2  i2c.o(.data)
    GPIO_PIN_y                               0x2000003a   Data           2  i2c.o(.data)
    RCC_APB2Periph_GPIO_x                    0x2000003c   Data           4  i2c.o(.data)
    gyroXoffset                              0x2000004c   Data           4  i2c_mpu6050.o(.data)
    gyroYoffset                              0x20000050   Data           4  i2c_mpu6050.o(.data)
    gyroZoffset                              0x20000054   Data           4  i2c_mpu6050.o(.data)
    CTR_datasend                             0x2000005c   Data          32  main.o(.bss)
    __libspace_start                         0x2000008c   Data          96  libspace.o(.bss)
    __temporary_stack_top$libspace           0x200000ec   Data           0  libspace.o(.bss)



==============================================================================

Memory Map of the image

  Image Entry point : 0x080001a9

  Load Region LR_1 (Base: 0x08000000, Size: 0x00004284, Max: 0xffffffff, ABSOLUTE)

    Execution Region ER_RO (Exec base: 0x08000000, Load base: 0x08000000, Size: 0x00004228, Max: 0xffffffff, ABSOLUTE)

    Exec Addr    Load Addr    Size         Type   Attr      Idx    E Section Name        Object

    0x08000000   0x08000000   0x000000ec   Data   RO         1683    RESET               startup_stm32f10x_md.o
    0x080000ec   0x080000ec   0x00000008   Code   RO         1769  * !!!main             c_w.l(__main.o)
    0x080000f4   0x080000f4   0x00000034   Code   RO         2091    !!!scatter          c_w.l(__scatter.o)
    0x08000128   0x08000128   0x0000001a   Code   RO         2093    !!handler_copy      c_w.l(__scatter_copy.o)
    0x08000142   0x08000142   0x00000002   PAD
    0x08000144   0x08000144   0x0000001c   Code   RO         2095    !!handler_zi        c_w.l(__scatter_zi.o)
    0x08000160   0x08000160   0x00000000   Code   RO         1766    .ARM.Collect$$_printf_percent$$00000000  c_w.l(_printf_percent.o)
    0x08000160   0x08000160   0x00000006   Code   RO         1765    .ARM.Collect$$_printf_percent$$00000003  c_w.l(_printf_f.o)
    0x08000166   0x08000166   0x00000006   Code   RO         1764    .ARM.Collect$$_printf_percent$$00000009  c_w.l(_printf_d.o)
    0x0800016c   0x0800016c   0x00000004   Code   RO         1844    .ARM.Collect$$_printf_percent$$00000017  c_w.l(_printf_percent_end.o)
    0x08000170   0x08000170   0x00000002   Code   RO         1960    .ARM.Collect$$libinit$$00000000  c_w.l(libinit.o)
    0x08000172   0x08000172   0x00000000   Code   RO         1962    .ARM.Collect$$libinit$$00000002  c_w.l(libinit2.o)
    0x08000172   0x08000172   0x00000000   Code   RO         1964    .ARM.Collect$$libinit$$00000004  c_w.l(libinit2.o)
    0x08000172   0x08000172   0x00000000   Code   RO         1967    .ARM.Collect$$libinit$$0000000A  c_w.l(libinit2.o)
    0x08000172   0x08000172   0x00000000   Code   RO         1969    .ARM.Collect$$libinit$$0000000C  c_w.l(libinit2.o)
    0x08000172   0x08000172   0x00000000   Code   RO         1971    .ARM.Collect$$libinit$$0000000E  c_w.l(libinit2.o)
    0x08000172   0x08000172   0x00000006   Code   RO         1972    .ARM.Collect$$libinit$$0000000F  c_w.l(libinit2.o)
    0x08000178   0x08000178   0x00000000   Code   RO         1974    .ARM.Collect$$libinit$$00000011  c_w.l(libinit2.o)
    0x08000178   0x08000178   0x00000000   Code   RO         1976    .ARM.Collect$$libinit$$00000013  c_w.l(libinit2.o)
    0x08000178   0x08000178   0x00000000   Code   RO         1978    .ARM.Collect$$libinit$$00000015  c_w.l(libinit2.o)
    0x08000178   0x08000178   0x0000000a   Code   RO         1979    .ARM.Collect$$libinit$$00000016  c_w.l(libinit2.o)
    0x08000182   0x08000182   0x00000000   Code   RO         1980    .ARM.Collect$$libinit$$00000017  c_w.l(libinit2.o)
    0x08000182   0x08000182   0x00000000   Code   RO         1982    .ARM.Collect$$libinit$$00000019  c_w.l(libinit2.o)
    0x08000182   0x08000182   0x00000000   Code   RO         1984    .ARM.Collect$$libinit$$0000001B  c_w.l(libinit2.o)
    0x08000182   0x08000182   0x00000000   Code   RO         1986    .ARM.Collect$$libinit$$0000001D  c_w.l(libinit2.o)
    0x08000182   0x08000182   0x00000000   Code   RO         1988    .ARM.Collect$$libinit$$0000001F  c_w.l(libinit2.o)
    0x08000182   0x08000182   0x00000000   Code   RO         1990    .ARM.Collect$$libinit$$00000021  c_w.l(libinit2.o)
    0x08000182   0x08000182   0x00000000   Code   RO         1992    .ARM.Collect$$libinit$$00000023  c_w.l(libinit2.o)
    0x08000182   0x08000182   0x00000000   Code   RO         1994    .ARM.Collect$$libinit$$00000025  c_w.l(libinit2.o)
    0x08000182   0x08000182   0x00000000   Code   RO         1998    .ARM.Collect$$libinit$$0000002C  c_w.l(libinit2.o)
    0x08000182   0x08000182   0x00000000   Code   RO         2000    .ARM.Collect$$libinit$$0000002E  c_w.l(libinit2.o)
    0x08000182   0x08000182   0x00000000   Code   RO         2002    .ARM.Collect$$libinit$$00000030  c_w.l(libinit2.o)
    0x08000182   0x08000182   0x00000000   Code   RO         2004    .ARM.Collect$$libinit$$00000032  c_w.l(libinit2.o)
    0x08000182   0x08000182   0x00000002   Code   RO         2005    .ARM.Collect$$libinit$$00000033  c_w.l(libinit2.o)
    0x08000184   0x08000184   0x00000002   Code   RO         2039    .ARM.Collect$$libshutdown$$00000000  c_w.l(libshutdown.o)
    0x08000186   0x08000186   0x00000000   Code   RO         2050    .ARM.Collect$$libshutdown$$00000002  c_w.l(libshutdown2.o)
    0x08000186   0x08000186   0x00000000   Code   RO         2052    .ARM.Collect$$libshutdown$$00000004  c_w.l(libshutdown2.o)
    0x08000186   0x08000186   0x00000000   Code   RO         2055    .ARM.Collect$$libshutdown$$00000007  c_w.l(libshutdown2.o)
    0x08000186   0x08000186   0x00000000   Code   RO         2058    .ARM.Collect$$libshutdown$$0000000A  c_w.l(libshutdown2.o)
    0x08000186   0x08000186   0x00000000   Code   RO         2060    .ARM.Collect$$libshutdown$$0000000C  c_w.l(libshutdown2.o)
    0x08000186   0x08000186   0x00000000   Code   RO         2063    .ARM.Collect$$libshutdown$$0000000F  c_w.l(libshutdown2.o)
    0x08000186   0x08000186   0x00000002   Code   RO         2064    .ARM.Collect$$libshutdown$$00000010  c_w.l(libshutdown2.o)
    0x08000188   0x08000188   0x00000000   Code   RO         1833    .ARM.Collect$$rtentry$$00000000  c_w.l(__rtentry.o)
    0x08000188   0x08000188   0x00000000   Code   RO         1884    .ARM.Collect$$rtentry$$00000002  c_w.l(__rtentry2.o)
    0x08000188   0x08000188   0x00000006   Code   RO         1896    .ARM.Collect$$rtentry$$00000004  c_w.l(__rtentry4.o)
    0x0800018e   0x0800018e   0x00000000   Code   RO         1886    .ARM.Collect$$rtentry$$00000009  c_w.l(__rtentry2.o)
    0x0800018e   0x0800018e   0x00000004   Code   RO         1887    .ARM.Collect$$rtentry$$0000000A  c_w.l(__rtentry2.o)
    0x08000192   0x08000192   0x00000000   Code   RO         1889    .ARM.Collect$$rtentry$$0000000C  c_w.l(__rtentry2.o)
    0x08000192   0x08000192   0x00000008   Code   RO         1890    .ARM.Collect$$rtentry$$0000000D  c_w.l(__rtentry2.o)
    0x0800019a   0x0800019a   0x00000002   Code   RO         2008    .ARM.Collect$$rtexit$$00000000  c_w.l(rtexit.o)
    0x0800019c   0x0800019c   0x00000000   Code   RO         2017    .ARM.Collect$$rtexit$$00000002  c_w.l(rtexit2.o)
    0x0800019c   0x0800019c   0x00000004   Code   RO         2018    .ARM.Collect$$rtexit$$00000003  c_w.l(rtexit2.o)
    0x080001a0   0x080001a0   0x00000006   Code   RO         2019    .ARM.Collect$$rtexit$$00000004  c_w.l(rtexit2.o)
    0x080001a6   0x080001a6   0x00000002   PAD
    0x080001a8   0x080001a8   0x00000040   Code   RO         1684  * .text               startup_stm32f10x_md.o
    0x080001e8   0x080001e8   0x00000028   Code   RO         1738    .text               c_w.l(noretval__2sprintf.o)
    0x08000210   0x08000210   0x00000078   Code   RO         1742    .text               c_w.l(_printf_dec.o)
    0x08000288   0x08000288   0x0000010e   Code   RO         1752    .text               c_w.l(__printf_wp.o)
    0x08000396   0x08000396   0x00000006   Code   RO         1767    .text               c_w.l(heapauxi.o)
    0x0800039c   0x0800039c   0x00000016   Code   RO         1834    .text               c_w.l(_rserrno.o)
    0x080003b2   0x080003b2   0x000000b2   Code   RO         1836    .text               c_w.l(_printf_intcommon.o)
    0x08000464   0x08000464   0x0000041e   Code   RO         1838    .text               c_w.l(_printf_fp_dec.o)
    0x08000882   0x08000882   0x00000002   PAD
    0x08000884   0x08000884   0x00000030   Code   RO         1840    .text               c_w.l(_printf_char_common.o)
    0x080008b4   0x080008b4   0x0000000a   Code   RO         1842    .text               c_w.l(_sputc.o)
    0x080008be   0x080008be   0x00000002   PAD
    0x080008c0   0x080008c0   0x00000008   Code   RO         1901    .text               c_w.l(rt_locale_intlibspace.o)
    0x080008c8   0x080008c8   0x00000008   Code   RO         1906    .text               c_w.l(rt_errno_addr_intlibspace.o)
    0x080008d0   0x080008d0   0x0000008a   Code   RO         1908    .text               c_w.l(lludiv10.o)
    0x0800095a   0x0800095a   0x00000002   PAD
    0x0800095c   0x0800095c   0x00000080   Code   RO         1910    .text               c_w.l(_printf_fp_infnan.o)
    0x080009dc   0x080009dc   0x000000e4   Code   RO         1914    .text               c_w.l(bigflt0.o)
    0x08000ac0   0x08000ac0   0x00000008   Code   RO         1946    .text               c_w.l(libspace.o)
    0x08000ac8   0x08000ac8   0x0000004a   Code   RO         1949    .text               c_w.l(sys_stackheap_outer.o)
    0x08000b12   0x08000b12   0x00000012   Code   RO         1951    .text               c_w.l(exit.o)
    0x08000b24   0x08000b24   0x00000080   Code   RO         1953    .text               c_w.l(strcmpv7m.o)
    0x08000ba4   0x08000ba4   0x0000000c   Code   RO         2029    .text               c_w.l(sys_exit.o)
    0x08000bb0   0x08000bb0   0x00000002   Code   RO         2040    .text               c_w.l(use_no_semi.o)
    0x08000bb2   0x08000bb2   0x00000000   Code   RO         2042    .text               c_w.l(indicate_semi.o)
    0x08000bb2   0x08000bb2   0x0000003e   Code   RO         1917    CL$$btod_d2e        c_w.l(btod.o)
    0x08000bf0   0x08000bf0   0x00000046   Code   RO         1919    CL$$btod_d2e_denorm_low  c_w.l(btod.o)
    0x08000c36   0x08000c36   0x00000060   Code   RO         1918    CL$$btod_d2e_norm_op1  c_w.l(btod.o)
    0x08000c96   0x08000c96   0x00000338   Code   RO         1927    CL$$btod_div_common  c_w.l(btod.o)
    0x08000fce   0x08000fce   0x000000dc   Code   RO         1924    CL$$btod_e2e        c_w.l(btod.o)
    0x080010aa   0x080010aa   0x0000002a   Code   RO         1921    CL$$btod_ediv       c_w.l(btod.o)
    0x080010d4   0x080010d4   0x0000002a   Code   RO         1920    CL$$btod_emul       c_w.l(btod.o)
    0x080010fe   0x080010fe   0x00000244   Code   RO         1926    CL$$btod_mult_common  c_w.l(btod.o)
    0x08001342   0x08001342   0x00000002   PAD
    0x08001344   0x08001344   0x000000e0   Code   RO          357    i.CTR_READ_ACCEL_MPU3050  i2c_mpu6050.o
    0x08001424   0x08001424   0x00000050   Code   RO          188    i.CTR_Single_Read   i2c.o
    0x08001474   0x08001474   0x0000004a   Code   RO          189    i.CTR_Single_Write  i2c.o
    0x080014be   0x080014be   0x00000030   Code   RO          314    i.Delay1Ms          delay.o
    0x080014ee   0x080014ee   0x00000012   Code   RO          315    i.Delay_Ms          delay.o
    0x08001500   0x08001500   0x0000002c   Code   RO          408    i.EXTI0_IRQHandler  interrupt.o
    0x0800152c   0x0800152c   0x00000050   Code   RO          409    i.EXTI1_IRQHandler  interrupt.o
    0x0800157c   0x0800157c   0x0000000c   Code   RO          505    i.EXTI_ClearITPendingBit  stm32f10x_exti.o
    0x08001588   0x08001588   0x00000028   Code   RO          509    i.EXTI_GetITStatus  stm32f10x_exti.o
    0x080015b0   0x080015b0   0x00000094   Code   RO          510    i.EXTI_Init         stm32f10x_exti.o
    0x08001644   0x08001644   0x00000040   Code   RO          573    i.GPIO_EXTILineConfig  stm32f10x_gpio.o
    0x08001684   0x08001684   0x00000116   Code   RO          576    i.GPIO_Init         stm32f10x_gpio.o
    0x0800179a   0x0800179a   0x00000012   Code   RO          580    i.GPIO_ReadInputDataBit  stm32f10x_gpio.o
    0x080017ac   0x080017ac   0x00000004   Code   RO          583    i.GPIO_ResetBits    stm32f10x_gpio.o
    0x080017b0   0x080017b0   0x00000004   Code   RO          584    i.GPIO_SetBits      stm32f10x_gpio.o
    0x080017b4   0x080017b4   0x00000020   Code   RO          105    i.I2C_LCD_BackLight  i2c_lcd.o
    0x080017d4   0x080017d4   0x0000000a   Code   RO          106    i.I2C_LCD_Clear     i2c_lcd.o
    0x080017de   0x080017de   0x00000002   PAD
    0x080017e0   0x080017e0   0x0000003c   Code   RO          107    i.I2C_LCD_FlushVal  i2c_lcd.o
    0x0800181c   0x0800181c   0x00000084   Code   RO          108    i.I2C_LCD_Init      i2c_lcd.o
    0x080018a0   0x080018a0   0x0000000a   Code   RO          109    i.I2C_LCD_NewLine   i2c_lcd.o
    0x080018aa   0x080018aa   0x0000001c   Code   RO          110    i.I2C_LCD_Puts      i2c_lcd.o
    0x080018c6   0x080018c6   0x00000002   PAD
    0x080018c8   0x080018c8   0x00000014   Code   RO          111    i.I2C_LCD_Setup     i2c_lcd.o
    0x080018dc   0x080018dc   0x00000030   Code   RO          112    i.I2C_LCD_WriteCmd  i2c_lcd.o
    0x0800190c   0x0800190c   0x00000070   Code   RO          113    i.I2C_LCD_Write_4bit  i2c_lcd.o
    0x0800197c   0x0800197c   0x0000003a   Code   RO          359    i.I2C_MPU6050_Init  i2c_mpu6050.o
    0x080019b6   0x080019b6   0x00000002   PAD
    0x080019b8   0x080019b8   0x00000014   Code   RO          360    i.I2C_MPU6050_Setup  i2c_mpu6050.o
    0x080019cc   0x080019cc   0x00000046   Code   RO          190    i.I2C_Read          i2c.o
    0x08001a12   0x08001a12   0x00000044   Code   RO          191    i.I2C_Write         i2c.o
    0x08001a56   0x08001a56   0x00000002   PAD
    0x08001a58   0x08001a58   0x0000006c   Code   RO          114    i.LCD_WaitBusy      i2c_lcd.o
    0x08001ac4   0x08001ac4   0x00000030   Code   RO          115    i.LCD_Write_Chr     i2c_lcd.o
    0x08001af4   0x08001af4   0x00000008   Code   RO          192    i.My_I2C_Init       i2c.o
    0x08001afc   0x08001afc   0x00000070   Code   RO          456    i.NVIC_Init         misc.o
    0x08001b6c   0x08001b6c   0x00000020   Code   RO          914    i.RCC_APB1PeriphClockCmd  stm32f10x_rcc.o
    0x08001b8c   0x08001b8c   0x00000020   Code   RO          916    i.RCC_APB2PeriphClockCmd  stm32f10x_rcc.o
    0x08001bac   0x08001bac   0x00000018   Code   RO          193    i.SCL_0             i2c.o
    0x08001bc4   0x08001bc4   0x00000018   Code   RO          194    i.SCL_1             i2c.o
    0x08001bdc   0x08001bdc   0x00000018   Code   RO          195    i.SDA_0             i2c.o
    0x08001bf4   0x08001bf4   0x00000018   Code   RO          196    i.SDA_1             i2c.o
    0x08001c0c   0x08001c0c   0x00000020   Code   RO          197    i.SDA_VAL           i2c.o
    0x08001c2c   0x08001c2c   0x00000008   Code   RO         1691    i.SetSysClock       system_stm32f10x.o
    0x08001c34   0x08001c34   0x000000e0   Code   RO         1692    i.SetSysClockTo72   system_stm32f10x.o
    0x08001d14   0x08001d14   0x00000060   Code   RO         1694    i.SystemInit        system_stm32f10x.o
    0x08001d74   0x08001d74   0x00000018   Code   RO         1140    i.TIM_Cmd           stm32f10x_tim.o
    0x08001d8c   0x08001d8c   0x00000006   Code   RO         1159    i.TIM_GetCounter    stm32f10x_tim.o
    0x08001d92   0x08001d92   0x00000004   Code   RO         1205    i.TIM_SetCounter    stm32f10x_tim.o
    0x08001d96   0x08001d96   0x00000002   PAD
    0x08001d98   0x08001d98   0x000000a4   Code   RO         1211    i.TIM_TimeBaseInit  stm32f10x_tim.o
    0x08001e3c   0x08001e3c   0x00000028   Code   RO         1878    i.__ARM_fpclassify  m_ws.l(fpclassify.o)
    0x08001e64   0x08001e64   0x000000aa   Code   RO         1880    i.__kernel_poly     m_ws.l(poly.o)
    0x08001f0e   0x08001f0e   0x00000002   PAD
    0x08001f10   0x08001f10   0x00000010   Code   RO         1864    i.__mathlib_dbl_divzero  m_ws.l(dunder.o)
    0x08001f20   0x08001f20   0x00000004   Code   RO         1866    i.__mathlib_dbl_infnan2  m_ws.l(dunder.o)
    0x08001f24   0x08001f24   0x0000000c   Code   RO         1867    i.__mathlib_dbl_invalid  m_ws.l(dunder.o)
    0x08001f30   0x08001f30   0x0000000e   Code   RO         1868    i.__mathlib_dbl_overflow  m_ws.l(dunder.o)
    0x08001f3e   0x08001f3e   0x00000002   PAD
    0x08001f40   0x08001f40   0x00000010   Code   RO         1870    i.__mathlib_dbl_underflow  m_ws.l(dunder.o)
    0x08001f50   0x08001f50   0x0000000e   Code   RO         1754    i._is_digit         c_w.l(__printf_wp.o)
    0x08001f5e   0x08001f5e   0x0000002a   Code   RO          316    i.delay_init        delay.o
    0x08001f88   0x08001f88   0x00000030   Code   RO          317    i.delay_us          delay.o
    0x08001fb8   0x08001fb8   0x0000004c   Code   RO          198    i.i2c_init          i2c.o
    0x08002004   0x08002004   0x0000006c   Code   RO          200    i.i2c_read          i2c.o
    0x08002070   0x08002070   0x00000024   Code   RO          201    i.i2c_setup         i2c.o
    0x08002094   0x08002094   0x0000002c   Code   RO          202    i.i2c_start         i2c.o
    0x080020c0   0x080020c0   0x00000022   Code   RO          203    i.i2c_stop          i2c.o
    0x080020e2   0x080020e2   0x00000072   Code   RO          204    i.i2c_write         i2c.o
    0x08002154   0x08002154   0x00000088   Code   RO          410    i.interrupt_init    interrupt.o
    0x080021dc   0x080021dc   0x00000358   Code   RO            4    i.main              main.o
    0x08002534   0x08002534   0x000009d8   Code   RO         1816    i.pow               m_ws.l(pow.o)
    0x08002f0c   0x08002f0c   0x0000000c   Code   RO          411    i.read_interrupt    interrupt.o
    0x08002f18   0x08002f18   0x0000004c   Code   RO         1826    i.sqrt              m_ws.l(sqrt.o)
    0x08002f64   0x08002f64   0x0000002c   Code   RO         1940    locale$$code        c_w.l(lc_numeric_c.o)
    0x08002f90   0x08002f90   0x00000062   Code   RO         1771    x$fpl$d2f           fz_ws.l(d2f.o)
    0x08002ff2   0x08002ff2   0x00000002   PAD
    0x08002ff4   0x08002ff4   0x00000150   Code   RO         1773    x$fpl$dadd          fz_ws.l(daddsub_clz.o)
    0x08003144   0x08003144   0x00000010   Code   RO         1942    x$fpl$dcheck1       fz_ws.l(dcheck1.o)
    0x08003154   0x08003154   0x00000018   Code   RO         1845    x$fpl$dcmpinf       fz_ws.l(dcmpi.o)
    0x0800316c   0x0800316c   0x000002b0   Code   RO         1780    x$fpl$ddiv          fz_ws.l(ddiv.o)
    0x0800341c   0x0800341c   0x0000002e   Code   RO         1784    x$fpl$dflt          fz_ws.l(dflt_clz.o)
    0x0800344a   0x0800344a   0x00000026   Code   RO         1783    x$fpl$dfltu         fz_ws.l(dflt_clz.o)
    0x08003470   0x08003470   0x00000078   Code   RO         1789    x$fpl$dleqf         fz_ws.l(dleqf.o)
    0x080034e8   0x080034e8   0x00000154   Code   RO         1847    x$fpl$dmul          fz_ws.l(dmul.o)
    0x0800363c   0x0800363c   0x0000009c   Code   RO         1849    x$fpl$dnaninf       fz_ws.l(dnaninf.o)
    0x080036d8   0x080036d8   0x0000000c   Code   RO         1851    x$fpl$dretinf       fz_ws.l(dretinf.o)
    0x080036e4   0x080036e4   0x0000006c   Code   RO         1791    x$fpl$drleqf        fz_ws.l(drleqf.o)
    0x08003750   0x08003750   0x00000016   Code   RO         1774    x$fpl$drsb          fz_ws.l(daddsub_clz.o)
    0x08003766   0x08003766   0x00000002   PAD
    0x08003768   0x08003768   0x000001cc   Code   RO         1853    x$fpl$dsqrt         fz_ws.l(dsqrt_noumaal.o)
    0x08003934   0x08003934   0x000001d4   Code   RO         1775    x$fpl$dsub          fz_ws.l(daddsub_clz.o)
    0x08003b08   0x08003b08   0x00000056   Code   RO         1793    x$fpl$f2d           fz_ws.l(f2d.o)
    0x08003b5e   0x08003b5e   0x00000002   PAD
    0x08003b60   0x08003b60   0x000000c4   Code   RO         1795    x$fpl$fadd          fz_ws.l(faddsub_clz.o)
    0x08003c24   0x08003c24   0x00000018   Code   RO         1855    x$fpl$fcmpinf       fz_ws.l(fcmpi.o)
    0x08003c3c   0x08003c3c   0x00000184   Code   RO         1802    x$fpl$fdiv          fz_ws.l(fdiv.o)
    0x08003dc0   0x08003dc0   0x00000026   Code   RO         1805    x$fpl$ffltu         fz_ws.l(fflt_clz.o)
    0x08003de6   0x08003de6   0x00000002   PAD
    0x08003de8   0x08003de8   0x00000068   Code   RO         1811    x$fpl$fleqf         fz_ws.l(fleqf.o)
    0x08003e50   0x08003e50   0x0000008c   Code   RO         1857    x$fpl$fnaninf       fz_ws.l(fnaninf.o)
    0x08003edc   0x08003edc   0x0000000a   Code   RO         1859    x$fpl$fretinf       fz_ws.l(fretinf.o)
    0x08003ee6   0x08003ee6   0x00000002   PAD
    0x08003ee8   0x08003ee8   0x000000ea   Code   RO         1797    x$fpl$fsub          fz_ws.l(faddsub_clz.o)
    0x08003fd2   0x08003fd2   0x00000004   Code   RO         1813    x$fpl$printf1       fz_ws.l(printf1.o)
    0x08003fd6   0x08003fd6   0x00000064   Code   RO         2006    x$fpl$retnan        fz_ws.l(retnan.o)
    0x0800403a   0x0800403a   0x0000005c   Code   RO         1861    x$fpl$scalbn        fz_ws.l(scalbn.o)
    0x08004096   0x08004096   0x00000030   Code   RO         2014    x$fpl$trapveneer    fz_ws.l(trapv.o)
    0x080040c6   0x080040c6   0x00000000   Code   RO         1863    x$fpl$usenofp       fz_ws.l(usenofp.o)
    0x080040c6   0x080040c6   0x00000002   PAD
    0x080040c8   0x080040c8   0x00000088   Data   RO         1817    .constdata          m_ws.l(pow.o)
    0x08004150   0x08004150   0x00000008   Data   RO         1882    .constdata          m_ws.l(qnan.o)
    0x08004158   0x08004158   0x00000094   Data   RO         1915    .constdata          c_w.l(bigflt0.o)
    0x080041ec   0x080041ec   0x00000020   Data   RO         2089    Region$$Table       anon$$obj.o
    0x0800420c   0x0800420c   0x0000001c   Data   RO         1939    locale$$data        c_w.l(lc_numeric_c.o)


    Execution Region ER_RW (Exec base: 0x20000000, Load base: 0x08004228, Size: 0x0000005c, Max: 0xffffffff, ABSOLUTE)

    Exec Addr    Load Addr    Size         Type   Attr      Idx    E Section Name        Object

    0x20000000   0x08004228   0x00000028   Data   RW            6    .data               main.o
    0x20000028   0x08004250   0x00000009   Data   RW          116    .data               i2c_lcd.o
    0x20000031   0x08004259   0x00000003   PAD
    0x20000034   0x0800425c   0x0000000c   Data   RW          205    .data               i2c.o
    0x20000040   0x08004268   0x00000018   Data   RW          362    .data               i2c_mpu6050.o
    0x20000058   0x08004280   0x00000001   Data   RW          412    .data               interrupt.o


    Execution Region ER_ZI (Exec base: 0x2000005c, Load base: 0x08004284, Size: 0x00000694, Max: 0xffffffff, ABSOLUTE)

    Exec Addr    Load Addr    Size         Type   Attr      Idx    E Section Name        Object

    0x2000005c        -       0x00000020   Zero   RW            5    .bss                main.o
    0x2000007c        -       0x00000010   Zero   RW          361    .bss                i2c_mpu6050.o
    0x2000008c        -       0x00000060   Zero   RW         1947    .bss                c_w.l(libspace.o)
    0x200000ec   0x08004284   0x00000004   PAD
    0x200000f0        -       0x00000200   Zero   RW         1682    HEAP                startup_stm32f10x_md.o
    0x200002f0        -       0x00000400   Zero   RW         1681    STACK               startup_stm32f10x_md.o


==============================================================================

Image component sizes


      Code (inc. data)   RO Data    RW Data    ZI Data      Debug   Object Name

       156          0          0          0          0       1678   delay.o
       840         74          0         12          0       8509   i2c.o
       608         44          0          9          0       5483   i2c_lcd.o
       302         20          0         24         16       2074   i2c_mpu6050.o
       272         22          0          1          0      27735   interrupt.o
       856         90          0         40         32     242716   main.o
       112         12          0          0          0       1260   misc.o
        64         26        236          0       1536        792   startup_stm32f10x_md.o
       200         18          0          0          0       2416   stm32f10x_exti.o
       368          4          0          0          0       4650   stm32f10x_gpio.o
        64         12          0          0          0       1210   stm32f10x_rcc.o
       198         42          0          0          0       3159   stm32f10x_tim.o
       328         28          0          0          0       1997   system_stm32f10x.o

    ----------------------------------------------------------------------
      4378        392        268         92       1584     303679   Object Totals
         0          0         32          0          0          0   (incl. Generated)
        10          0          0          6          0          0   (incl. Padding)

    ----------------------------------------------------------------------

      Code (inc. data)   RO Data    RW Data    ZI Data      Debug   Library Member Name

         8          0          0          0          0         68   __main.o
       284          0          0          0          0        156   __printf_wp.o
         0          0          0          0          0          0   __rtentry.o
        12          0          0          0          0          0   __rtentry2.o
         6          0          0          0          0          0   __rtentry4.o
        52          8          0          0          0          0   __scatter.o
        26          0          0          0          0          0   __scatter_copy.o
        28          0          0          0          0          0   __scatter_zi.o
        48          6          0          0          0         96   _printf_char_common.o
         6          0          0          0          0          0   _printf_d.o
       120         16          0          0          0         92   _printf_dec.o
         6          0          0          0          0          0   _printf_f.o
      1054          0          0          0          0        216   _printf_fp_dec.o
       128         16          0          0          0         84   _printf_fp_infnan.o
       178          0          0          0          0         88   _printf_intcommon.o
         0          0          0          0          0          0   _printf_percent.o
         4          0          0          0          0          0   _printf_percent_end.o
        22          0          0          0          0        100   _rserrno.o
        10          0          0          0          0         68   _sputc.o
       228          4        148          0          0         96   bigflt0.o
      1936        128          0          0          0        672   btod.o
        18          0          0          0          0         80   exit.o
         6          0          0          0          0        152   heapauxi.o
         0          0          0          0          0          0   indicate_semi.o
        44         10         28          0          0         76   lc_numeric_c.o
         2          0          0          0          0          0   libinit.o
        18          0          0          0          0          0   libinit2.o
         2          0          0          0          0          0   libshutdown.o
         2          0          0          0          0          0   libshutdown2.o
         8          4          0          0         96         68   libspace.o
       138          0          0          0          0         80   lludiv10.o
        40          6          0          0          0         84   noretval__2sprintf.o
         8          4          0          0          0         68   rt_errno_addr_intlibspace.o
         8          4          0          0          0         68   rt_locale_intlibspace.o
         2          0          0          0          0          0   rtexit.o
        10          0          0          0          0          0   rtexit2.o
       128          0          0          0          0         68   strcmpv7m.o
        12          4          0          0          0         68   sys_exit.o
        74          0          0          0          0         80   sys_stackheap_outer.o
         2          0          0          0          0         68   use_no_semi.o
        98          4          0          0          0         92   d2f.o
       826         16          0          0          0        348   daddsub_clz.o
        16          4          0          0          0         68   dcheck1.o
        24          0          0          0          0         68   dcmpi.o
       688        140          0          0          0        208   ddiv.o
        84          0          0          0          0        136   dflt_clz.o
       120          4          0          0          0         92   dleqf.o
       340         12          0          0          0        104   dmul.o
       156          4          0          0          0         92   dnaninf.o
        12          0          0          0          0         68   dretinf.o
       108          0          0          0          0         80   drleqf.o
       460         56          0          0          0        120   dsqrt_noumaal.o
        86          4          0          0          0         84   f2d.o
       430          8          0          0          0        168   faddsub_clz.o
        24          0          0          0          0         68   fcmpi.o
       388         76          0          0          0         96   fdiv.o
        38          0          0          0          0         68   fflt_clz.o
       104          4          0          0          0         84   fleqf.o
       140          4          0          0          0         84   fnaninf.o
        10          0          0          0          0         68   fretinf.o
         4          0          0          0          0         68   printf1.o
       100          0          0          0          0         68   retnan.o
        92          0          0          0          0         68   scalbn.o
        48          0          0          0          0         68   trapv.o
         0          0          0          0          0          0   usenofp.o
        62         10          0          0          0        340   dunder.o
        40          0          0          0          0         68   fpclassify.o
       170          0          0          0          0         96   poly.o
      2520        190        136          0          0        324   pow.o
         0          0          8          0          0          0   qnan.o
        76          0          0          0          0         84   sqrt.o

    ----------------------------------------------------------------------
     11970        746        320          0        100       6076   Library Totals
        28          0          0          0          4          0   (incl. Padding)

    ----------------------------------------------------------------------

      Code (inc. data)   RO Data    RW Data    ZI Data      Debug   Library Name

      4678        210        176          0         96       2696   c_w.l
      4396        336          0          0          0       2468   fz_ws.l
      2868        200        144          0          0        912   m_ws.l

    ----------------------------------------------------------------------
     11970        746        320          0        100       6076   Library Totals

    ----------------------------------------------------------------------

==============================================================================


      Code (inc. data)   RO Data    RW Data    ZI Data      Debug   

     16348       1138        588         92       1684     303563   Grand Totals
     16348       1138        588         92       1684     303563   ELF Image Totals
     16348       1138        588         92          0          0   ROM Totals

==============================================================================

    Total RO  Size (Code + RO Data)                16936 (  16.54kB)
    Total RW  Size (RW Data + ZI Data)              1776 (   1.73kB)
    Total ROM Size (Code + RO Data + RW Data)      17028 (  16.63kB)

==============================================================================

